YES(?, 50*a + 50*b + 33)

Initial complexity problem:
1:	T:
		(1, 1)    start(a, b) -> Com_1(one(a, b))
		(?, 1)    one(a, b) -> Com_1(two(a, b))
		(?, 1)    two(a, b) -> Com_1(three(a, b))
		(?, 1)    three(a, b) -> Com_1(four(a, b))
		(?, 1)    four(a, b) -> Com_1(leftOne(a, b)) [ a > b ]
		(?, 1)    four(a, b) -> Com_1(rightOne(a, b)) [ a < b ]
		(?, 1)    leftOne(a, b) -> Com_1(leftTwo(a, b))
		(?, 1)    leftTwo(a, b) -> Com_1(leftThree(a, b))
		(?, 1)    leftThree(a, b) -> Com_1(leftFour(a, b))
		(?, 1)    rightOne(a, b) -> Com_1(rightTwo(a, b))
		(?, 1)    rightTwo(a, b) -> Com_1(rightThree(a, b))
		(?, 1)    rightThree(a, b) -> Com_1(rightFour(a, b))
		(?, 1)    leftFour(a, b) -> Com_1(four(a - 1, b))
		(?, 1)    rightFour(a, b) -> Com_1(four(a, b - 1))
	start location:	start
	leaf cost:	0

Repeatedly propagating knowledge in problem 1 produces the following problem:
2:	T:
		(1, 1)    start(a, b) -> Com_1(one(a, b))
		(1, 1)    one(a, b) -> Com_1(two(a, b))
		(1, 1)    two(a, b) -> Com_1(three(a, b))
		(1, 1)    three(a, b) -> Com_1(four(a, b))
		(?, 1)    four(a, b) -> Com_1(leftOne(a, b)) [ a > b ]
		(?, 1)    four(a, b) -> Com_1(rightOne(a, b)) [ a < b ]
		(?, 1)    leftOne(a, b) -> Com_1(leftTwo(a, b))
		(?, 1)    leftTwo(a, b) -> Com_1(leftThree(a, b))
		(?, 1)    leftThree(a, b) -> Com_1(leftFour(a, b))
		(?, 1)    rightOne(a, b) -> Com_1(rightTwo(a, b))
		(?, 1)    rightTwo(a, b) -> Com_1(rightThree(a, b))
		(?, 1)    rightThree(a, b) -> Com_1(rightFour(a, b))
		(?, 1)    leftFour(a, b) -> Com_1(four(a - 1, b))
		(?, 1)    rightFour(a, b) -> Com_1(four(a, b - 1))
	start location:	start
	leaf cost:	0

Applied AI with 'oct' on problem 2 to obtain the following invariants:
  For symbol leftFour: X_1 - X_2 - 1 >= 0
  For symbol leftOne: X_1 - X_2 - 1 >= 0
  For symbol leftThree: X_1 - X_2 - 1 >= 0
  For symbol leftTwo: X_1 - X_2 - 1 >= 0
  For symbol rightFour: -X_1 + X_2 - 1 >= 0
  For symbol rightOne: -X_1 + X_2 - 1 >= 0
  For symbol rightThree: -X_1 + X_2 - 1 >= 0
  For symbol rightTwo: -X_1 + X_2 - 1 >= 0


This yielded the following problem:
3:	T:
		(?, 1)    rightFour(a, b) -> Com_1(four(a, b - 1)) [ -a + b - 1 >= 0 ]
		(?, 1)    leftFour(a, b) -> Com_1(four(a - 1, b)) [ a - b - 1 >= 0 ]
		(?, 1)    rightThree(a, b) -> Com_1(rightFour(a, b)) [ -a + b - 1 >= 0 ]
		(?, 1)    rightTwo(a, b) -> Com_1(rightThree(a, b)) [ -a + b - 1 >= 0 ]
		(?, 1)    rightOne(a, b) -> Com_1(rightTwo(a, b)) [ -a + b - 1 >= 0 ]
		(?, 1)    leftThree(a, b) -> Com_1(leftFour(a, b)) [ a - b - 1 >= 0 ]
		(?, 1)    leftTwo(a, b) -> Com_1(leftThree(a, b)) [ a - b - 1 >= 0 ]
		(?, 1)    leftOne(a, b) -> Com_1(leftTwo(a, b)) [ a - b - 1 >= 0 ]
		(?, 1)    four(a, b) -> Com_1(rightOne(a, b)) [ a < b ]
		(?, 1)    four(a, b) -> Com_1(leftOne(a, b)) [ a > b ]
		(1, 1)    three(a, b) -> Com_1(four(a, b))
		(1, 1)    two(a, b) -> Com_1(three(a, b))
		(1, 1)    one(a, b) -> Com_1(two(a, b))
		(1, 1)    start(a, b) -> Com_1(one(a, b))
	start location:	start
	leaf cost:	0

A polynomial rank function with
	Pol(rightFour) = -5*V_1 + 5*V_2
	Pol(four) = -5*V_1 + 5*V_2 + 4
	Pol(rightThree) = -5*V_1 + 5*V_2 + 1
	Pol(rightTwo) = -5*V_1 + 5*V_2 + 2
	Pol(rightOne) = -5*V_1 + 5*V_2 + 3
and size complexities
	S("start(a, b) -> Com_1(one(a, b))", 0-0) = a
	S("start(a, b) -> Com_1(one(a, b))", 0-1) = b
	S("one(a, b) -> Com_1(two(a, b))", 0-0) = a
	S("one(a, b) -> Com_1(two(a, b))", 0-1) = b
	S("two(a, b) -> Com_1(three(a, b))", 0-0) = a
	S("two(a, b) -> Com_1(three(a, b))", 0-1) = b
	S("three(a, b) -> Com_1(four(a, b))", 0-0) = a
	S("three(a, b) -> Com_1(four(a, b))", 0-1) = b
	S("four(a, b) -> Com_1(leftOne(a, b)) [ a > b ]", 0-0) = ?
	S("four(a, b) -> Com_1(leftOne(a, b)) [ a > b ]", 0-1) = b
	S("four(a, b) -> Com_1(rightOne(a, b)) [ a < b ]", 0-0) = a
	S("four(a, b) -> Com_1(rightOne(a, b)) [ a < b ]", 0-1) = ?
	S("leftOne(a, b) -> Com_1(leftTwo(a, b)) [ a - b - 1 >= 0 ]", 0-0) = ?
	S("leftOne(a, b) -> Com_1(leftTwo(a, b)) [ a - b - 1 >= 0 ]", 0-1) = b
	S("leftTwo(a, b) -> Com_1(leftThree(a, b)) [ a - b - 1 >= 0 ]", 0-0) = ?
	S("leftTwo(a, b) -> Com_1(leftThree(a, b)) [ a - b - 1 >= 0 ]", 0-1) = b
	S("leftThree(a, b) -> Com_1(leftFour(a, b)) [ a - b - 1 >= 0 ]", 0-0) = ?
	S("leftThree(a, b) -> Com_1(leftFour(a, b)) [ a - b - 1 >= 0 ]", 0-1) = b
	S("rightOne(a, b) -> Com_1(rightTwo(a, b)) [ -a + b - 1 >= 0 ]", 0-0) = a
	S("rightOne(a, b) -> Com_1(rightTwo(a, b)) [ -a + b - 1 >= 0 ]", 0-1) = ?
	S("rightTwo(a, b) -> Com_1(rightThree(a, b)) [ -a + b - 1 >= 0 ]", 0-0) = a
	S("rightTwo(a, b) -> Com_1(rightThree(a, b)) [ -a + b - 1 >= 0 ]", 0-1) = ?
	S("rightThree(a, b) -> Com_1(rightFour(a, b)) [ -a + b - 1 >= 0 ]", 0-0) = a
	S("rightThree(a, b) -> Com_1(rightFour(a, b)) [ -a + b - 1 >= 0 ]", 0-1) = ?
	S("leftFour(a, b) -> Com_1(four(a - 1, b)) [ a - b - 1 >= 0 ]", 0-0) = ?
	S("leftFour(a, b) -> Com_1(four(a - 1, b)) [ a - b - 1 >= 0 ]", 0-1) = b
	S("rightFour(a, b) -> Com_1(four(a, b - 1)) [ -a + b - 1 >= 0 ]", 0-0) = a
	S("rightFour(a, b) -> Com_1(four(a, b - 1)) [ -a + b - 1 >= 0 ]", 0-1) = ?
orients the transitions
	rightFour(a, b) -> Com_1(four(a, b - 1)) [ -a + b - 1 >= 0 ]
	rightThree(a, b) -> Com_1(rightFour(a, b)) [ -a + b - 1 >= 0 ]
	rightTwo(a, b) -> Com_1(rightThree(a, b)) [ -a + b - 1 >= 0 ]
	rightOne(a, b) -> Com_1(rightTwo(a, b)) [ -a + b - 1 >= 0 ]
	four(a, b) -> Com_1(rightOne(a, b)) [ a < b ]
weakly and the transitions
	rightTwo(a, b) -> Com_1(rightThree(a, b)) [ -a + b - 1 >= 0 ]
	rightThree(a, b) -> Com_1(rightFour(a, b)) [ -a + b - 1 >= 0 ]
	rightOne(a, b) -> Com_1(rightTwo(a, b)) [ -a + b - 1 >= 0 ]
	rightFour(a, b) -> Com_1(four(a, b - 1)) [ -a + b - 1 >= 0 ]
	four(a, b) -> Com_1(rightOne(a, b)) [ a < b ]
strictly and produces the following problem:
4:	T:
		(5*a + 5*b + 4, 1)    rightFour(a, b) -> Com_1(four(a, b - 1)) [ -a + b - 1 >= 0 ]
		(?, 1)                leftFour(a, b) -> Com_1(four(a - 1, b)) [ a - b - 1 >= 0 ]
		(5*a + 5*b + 4, 1)    rightThree(a, b) -> Com_1(rightFour(a, b)) [ -a + b - 1 >= 0 ]
		(5*a + 5*b + 4, 1)    rightTwo(a, b) -> Com_1(rightThree(a, b)) [ -a + b - 1 >= 0 ]
		(5*a + 5*b + 4, 1)    rightOne(a, b) -> Com_1(rightTwo(a, b)) [ -a + b - 1 >= 0 ]
		(?, 1)                leftThree(a, b) -> Com_1(leftFour(a, b)) [ a - b - 1 >= 0 ]
		(?, 1)                leftTwo(a, b) -> Com_1(leftThree(a, b)) [ a - b - 1 >= 0 ]
		(?, 1)                leftOne(a, b) -> Com_1(leftTwo(a, b)) [ a - b - 1 >= 0 ]
		(5*a + 5*b + 4, 1)    four(a, b) -> Com_1(rightOne(a, b)) [ a < b ]
		(?, 1)                four(a, b) -> Com_1(leftOne(a, b)) [ a > b ]
		(1, 1)                three(a, b) -> Com_1(four(a, b))
		(1, 1)                two(a, b) -> Com_1(three(a, b))
		(1, 1)                one(a, b) -> Com_1(two(a, b))
		(1, 1)                start(a, b) -> Com_1(one(a, b))
	start location:	start
	leaf cost:	0

A polynomial rank function with
	Pol(leftTwo) = 5*V_1 - 5*V_2
	Pol(leftThree) = 5*V_1 - 5*V_2 - 1
	Pol(leftFour) = 5*V_1 - 5*V_2 - 2
	Pol(leftOne) = 5*V_1 - 5*V_2 + 1
	Pol(four) = 5*V_1 - 5*V_2 + 2
and size complexities
	S("start(a, b) -> Com_1(one(a, b))", 0-0) = a
	S("start(a, b) -> Com_1(one(a, b))", 0-1) = b
	S("one(a, b) -> Com_1(two(a, b))", 0-0) = a
	S("one(a, b) -> Com_1(two(a, b))", 0-1) = b
	S("two(a, b) -> Com_1(three(a, b))", 0-0) = a
	S("two(a, b) -> Com_1(three(a, b))", 0-1) = b
	S("three(a, b) -> Com_1(four(a, b))", 0-0) = a
	S("three(a, b) -> Com_1(four(a, b))", 0-1) = b
	S("four(a, b) -> Com_1(leftOne(a, b)) [ a > b ]", 0-0) = ?
	S("four(a, b) -> Com_1(leftOne(a, b)) [ a > b ]", 0-1) = b
	S("four(a, b) -> Com_1(rightOne(a, b)) [ a < b ]", 0-0) = a
	S("four(a, b) -> Com_1(rightOne(a, b)) [ a < b ]", 0-1) = 6*a + 6*b + 144
	S("leftOne(a, b) -> Com_1(leftTwo(a, b)) [ a - b - 1 >= 0 ]", 0-0) = ?
	S("leftOne(a, b) -> Com_1(leftTwo(a, b)) [ a - b - 1 >= 0 ]", 0-1) = b
	S("leftTwo(a, b) -> Com_1(leftThree(a, b)) [ a - b - 1 >= 0 ]", 0-0) = ?
	S("leftTwo(a, b) -> Com_1(leftThree(a, b)) [ a - b - 1 >= 0 ]", 0-1) = b
	S("leftThree(a, b) -> Com_1(leftFour(a, b)) [ a - b - 1 >= 0 ]", 0-0) = ?
	S("leftThree(a, b) -> Com_1(leftFour(a, b)) [ a - b - 1 >= 0 ]", 0-1) = b
	S("rightOne(a, b) -> Com_1(rightTwo(a, b)) [ -a + b - 1 >= 0 ]", 0-0) = a
	S("rightOne(a, b) -> Com_1(rightTwo(a, b)) [ -a + b - 1 >= 0 ]", 0-1) = 6*a + 6*b + 144
	S("rightTwo(a, b) -> Com_1(rightThree(a, b)) [ -a + b - 1 >= 0 ]", 0-0) = a
	S("rightTwo(a, b) -> Com_1(rightThree(a, b)) [ -a + b - 1 >= 0 ]", 0-1) = 6*a + 6*b + 144
	S("rightThree(a, b) -> Com_1(rightFour(a, b)) [ -a + b - 1 >= 0 ]", 0-0) = a
	S("rightThree(a, b) -> Com_1(rightFour(a, b)) [ -a + b - 1 >= 0 ]", 0-1) = 6*a + 6*b + 144
	S("leftFour(a, b) -> Com_1(four(a - 1, b)) [ a - b - 1 >= 0 ]", 0-0) = ?
	S("leftFour(a, b) -> Com_1(four(a - 1, b)) [ a - b - 1 >= 0 ]", 0-1) = b
	S("rightFour(a, b) -> Com_1(four(a, b - 1)) [ -a + b - 1 >= 0 ]", 0-0) = a
	S("rightFour(a, b) -> Com_1(four(a, b - 1)) [ -a + b - 1 >= 0 ]", 0-1) = 6*a + 6*b + 144
orients the transitions
	leftTwo(a, b) -> Com_1(leftThree(a, b)) [ a - b - 1 >= 0 ]
	leftThree(a, b) -> Com_1(leftFour(a, b)) [ a - b - 1 >= 0 ]
	leftOne(a, b) -> Com_1(leftTwo(a, b)) [ a - b - 1 >= 0 ]
	leftFour(a, b) -> Com_1(four(a - 1, b)) [ a - b - 1 >= 0 ]
	four(a, b) -> Com_1(leftOne(a, b)) [ a > b ]
weakly and the transitions
	leftTwo(a, b) -> Com_1(leftThree(a, b)) [ a - b - 1 >= 0 ]
	leftThree(a, b) -> Com_1(leftFour(a, b)) [ a - b - 1 >= 0 ]
	leftOne(a, b) -> Com_1(leftTwo(a, b)) [ a - b - 1 >= 0 ]
	leftFour(a, b) -> Com_1(four(a - 1, b)) [ a - b - 1 >= 0 ]
	four(a, b) -> Com_1(leftOne(a, b)) [ a > b ]
strictly and produces the following problem:
5:	T:
		(5*a + 5*b + 4, 1)    rightFour(a, b) -> Com_1(four(a, b - 1)) [ -a + b - 1 >= 0 ]
		(5*a + 5*b + 2, 1)    leftFour(a, b) -> Com_1(four(a - 1, b)) [ a - b - 1 >= 0 ]
		(5*a + 5*b + 4, 1)    rightThree(a, b) -> Com_1(rightFour(a, b)) [ -a + b - 1 >= 0 ]
		(5*a + 5*b + 4, 1)    rightTwo(a, b) -> Com_1(rightThree(a, b)) [ -a + b - 1 >= 0 ]
		(5*a + 5*b + 4, 1)    rightOne(a, b) -> Com_1(rightTwo(a, b)) [ -a + b - 1 >= 0 ]
		(5*a + 5*b + 2, 1)    leftThree(a, b) -> Com_1(leftFour(a, b)) [ a - b - 1 >= 0 ]
		(5*a + 5*b + 2, 1)    leftTwo(a, b) -> Com_1(leftThree(a, b)) [ a - b - 1 >= 0 ]
		(5*a + 5*b + 2, 1)    leftOne(a, b) -> Com_1(leftTwo(a, b)) [ a - b - 1 >= 0 ]
		(5*a + 5*b + 4, 1)    four(a, b) -> Com_1(rightOne(a, b)) [ a < b ]
		(5*a + 5*b + 2, 1)    four(a, b) -> Com_1(leftOne(a, b)) [ a > b ]
		(1, 1)                three(a, b) -> Com_1(four(a, b))
		(1, 1)                two(a, b) -> Com_1(three(a, b))
		(1, 1)                one(a, b) -> Com_1(two(a, b))
		(1, 1)                start(a, b) -> Com_1(one(a, b))
	start location:	start
	leaf cost:	0

Complexity upper bound 50*a + 50*b + 33

