MAYBE

Initial complexity problem:
1:	T:
		(1, 1)    start(x, y) -> Com_1(f(x, y))
		(?, 1)    f(x, y) -> Com_1(f(x + 1, y)) [ x < y^2 ]
	start location:	start
	leaf cost:	0

By chaining the transition start(x, y) -> Com_1(f(x, y)) with all transitions in problem 1, the following new transition is obtained:
	start(x, y) -> Com_1(f(x + 1, y)) [ x < y^2 ]
We thus obtain the following problem:
2:	T:
		(1, 2)    start(x, y) -> Com_1(f(x + 1, y)) [ x < y^2 ]
		(?, 1)    f(x, y) -> Com_1(f(x + 1, y)) [ x < y^2 ]
	start location:	start
	leaf cost:	0

By chaining the transition start(x, y) -> Com_1(f(x + 1, y)) [ x < y^2 ] with all transitions in problem 2, the following new transition is obtained:
	start(x, y) -> Com_1(f(x + 2, y)) [ x < y^2 /\ x + 1 < y^2 ]
We thus obtain the following problem:
3:	T:
		(1, 3)    start(x, y) -> Com_1(f(x + 2, y)) [ x < y^2 /\ x + 1 < y^2 ]
		(?, 1)    f(x, y) -> Com_1(f(x + 1, y)) [ x < y^2 ]
	start location:	start
	leaf cost:	0

By chaining the transition start(x, y) -> Com_1(f(x + 2, y)) [ x < y^2 /\ x + 1 < y^2 ] with all transitions in problem 3, the following new transition is obtained:
	start(x, y) -> Com_1(f(x + 3, y)) [ x < y^2 /\ x + 1 < y^2 /\ x + 2 < y^2 ]
We thus obtain the following problem:
4:	T:
		(1, 4)    start(x, y) -> Com_1(f(x + 3, y)) [ x < y^2 /\ x + 1 < y^2 /\ x + 2 < y^2 ]
		(?, 1)    f(x, y) -> Com_1(f(x + 1, y)) [ x < y^2 ]
	start location:	start
	leaf cost:	0

By chaining the transition start(x, y) -> Com_1(f(x + 3, y)) [ x < y^2 /\ x + 1 < y^2 /\ x + 2 < y^2 ] with all transitions in problem 4, the following new transition is obtained:
	start(x, y) -> Com_1(f(x + 4, y)) [ x < y^2 /\ x + 1 < y^2 /\ x + 2 < y^2 /\ x + 3 < y^2 ]
We thus obtain the following problem:
5:	T:
		(1, 5)    start(x, y) -> Com_1(f(x + 4, y)) [ x < y^2 /\ x + 1 < y^2 /\ x + 2 < y^2 /\ x + 3 < y^2 ]
		(?, 1)    f(x, y) -> Com_1(f(x + 1, y)) [ x < y^2 ]
	start location:	start
	leaf cost:	0

By chaining the transition start(x, y) -> Com_1(f(x + 4, y)) [ x < y^2 /\ x + 1 < y^2 /\ x + 2 < y^2 /\ x + 3 < y^2 ] with all transitions in problem 5, the following new transition is obtained:
	start(x, y) -> Com_1(f(x + 5, y)) [ x < y^2 /\ x + 1 < y^2 /\ x + 2 < y^2 /\ x + 3 < y^2 /\ x + 4 < y^2 ]
We thus obtain the following problem:
6:	T:
		(1, 6)    start(x, y) -> Com_1(f(x + 5, y)) [ x < y^2 /\ x + 1 < y^2 /\ x + 2 < y^2 /\ x + 3 < y^2 /\ x + 4 < y^2 ]
		(?, 1)    f(x, y) -> Com_1(f(x + 1, y)) [ x < y^2 ]
	start location:	start
	leaf cost:	0

By chaining the transition start(x, y) -> Com_1(f(x + 5, y)) [ x < y^2 /\ x + 1 < y^2 /\ x + 2 < y^2 /\ x + 3 < y^2 /\ x + 4 < y^2 ] with all transitions in problem 6, the following new transition is obtained:
	start(x, y) -> Com_1(f(x + 6, y)) [ x < y^2 /\ x + 1 < y^2 /\ x + 2 < y^2 /\ x + 3 < y^2 /\ x + 4 < y^2 /\ x + 5 < y^2 ]
We thus obtain the following problem:
7:	T:
		(1, 7)    start(x, y) -> Com_1(f(x + 6, y)) [ x < y^2 /\ x + 1 < y^2 /\ x + 2 < y^2 /\ x + 3 < y^2 /\ x + 4 < y^2 /\ x + 5 < y^2 ]
		(?, 1)    f(x, y) -> Com_1(f(x + 1, y)) [ x < y^2 ]
	start location:	start
	leaf cost:	0

By chaining the transition start(x, y) -> Com_1(f(x + 6, y)) [ x < y^2 /\ x + 1 < y^2 /\ x + 2 < y^2 /\ x + 3 < y^2 /\ x + 4 < y^2 /\ x + 5 < y^2 ] with all transitions in problem 7, the following new transition is obtained:
	start(x, y) -> Com_1(f(x + 7, y)) [ x < y^2 /\ x + 1 < y^2 /\ x + 2 < y^2 /\ x + 3 < y^2 /\ x + 4 < y^2 /\ x + 5 < y^2 /\ x + 6 < y^2 ]
We thus obtain the following problem:
8:	T:
		(1, 8)    start(x, y) -> Com_1(f(x + 7, y)) [ x < y^2 /\ x + 1 < y^2 /\ x + 2 < y^2 /\ x + 3 < y^2 /\ x + 4 < y^2 /\ x + 5 < y^2 /\ x + 6 < y^2 ]
		(?, 1)    f(x, y) -> Com_1(f(x + 1, y)) [ x < y^2 ]
	start location:	start
	leaf cost:	0

By chaining the transition start(x, y) -> Com_1(f(x + 7, y)) [ x < y^2 /\ x + 1 < y^2 /\ x + 2 < y^2 /\ x + 3 < y^2 /\ x + 4 < y^2 /\ x + 5 < y^2 /\ x + 6 < y^2 ] with all transitions in problem 8, the following new transition is obtained:
	start(x, y) -> Com_1(f(x + 8, y)) [ x < y^2 /\ x + 1 < y^2 /\ x + 2 < y^2 /\ x + 3 < y^2 /\ x + 4 < y^2 /\ x + 5 < y^2 /\ x + 6 < y^2 /\ x + 7 < y^2 ]
We thus obtain the following problem:
9:	T:
		(1, 9)    start(x, y) -> Com_1(f(x + 8, y)) [ x < y^2 /\ x + 1 < y^2 /\ x + 2 < y^2 /\ x + 3 < y^2 /\ x + 4 < y^2 /\ x + 5 < y^2 /\ x + 6 < y^2 /\ x + 7 < y^2 ]
		(?, 1)    f(x, y) -> Com_1(f(x + 1, y)) [ x < y^2 ]
	start location:	start
	leaf cost:	0

By chaining the transition start(x, y) -> Com_1(f(x + 8, y)) [ x < y^2 /\ x + 1 < y^2 /\ x + 2 < y^2 /\ x + 3 < y^2 /\ x + 4 < y^2 /\ x + 5 < y^2 /\ x + 6 < y^2 /\ x + 7 < y^2 ] with all transitions in problem 9, the following new transition is obtained:
	start(x, y) -> Com_1(f(x + 9, y)) [ x < y^2 /\ x + 1 < y^2 /\ x + 2 < y^2 /\ x + 3 < y^2 /\ x + 4 < y^2 /\ x + 5 < y^2 /\ x + 6 < y^2 /\ x + 7 < y^2 /\ x + 8 < y^2 ]
We thus obtain the following problem:
10:	T:
		(1, 10)    start(x, y) -> Com_1(f(x + 9, y)) [ x < y^2 /\ x + 1 < y^2 /\ x + 2 < y^2 /\ x + 3 < y^2 /\ x + 4 < y^2 /\ x + 5 < y^2 /\ x + 6 < y^2 /\ x + 7 < y^2 /\ x + 8 < y^2 ]
		(?, 1)     f(x, y) -> Com_1(f(x + 1, y)) [ x < y^2 ]
	start location:	start
	leaf cost:	0

By chaining the transition start(x, y) -> Com_1(f(x + 9, y)) [ x < y^2 /\ x + 1 < y^2 /\ x + 2 < y^2 /\ x + 3 < y^2 /\ x + 4 < y^2 /\ x + 5 < y^2 /\ x + 6 < y^2 /\ x + 7 < y^2 /\ x + 8 < y^2 ] with all transitions in problem 10, the following new transition is obtained:
	start(x, y) -> Com_1(f(x + 10, y)) [ x < y^2 /\ x + 1 < y^2 /\ x + 2 < y^2 /\ x + 3 < y^2 /\ x + 4 < y^2 /\ x + 5 < y^2 /\ x + 6 < y^2 /\ x + 7 < y^2 /\ x + 8 < y^2 /\ x + 9 < y^2 ]
We thus obtain the following problem:
11:	T:
		(1, 11)    start(x, y) -> Com_1(f(x + 10, y)) [ x < y^2 /\ x + 1 < y^2 /\ x + 2 < y^2 /\ x + 3 < y^2 /\ x + 4 < y^2 /\ x + 5 < y^2 /\ x + 6 < y^2 /\ x + 7 < y^2 /\ x + 8 < y^2 /\ x + 9 < y^2 ]
		(?, 1)     f(x, y) -> Com_1(f(x + 1, y)) [ x < y^2 ]
	start location:	start
	leaf cost:	0

By chaining the transition start(x, y) -> Com_1(f(x + 10, y)) [ x < y^2 /\ x + 1 < y^2 /\ x + 2 < y^2 /\ x + 3 < y^2 /\ x + 4 < y^2 /\ x + 5 < y^2 /\ x + 6 < y^2 /\ x + 7 < y^2 /\ x + 8 < y^2 /\ x + 9 < y^2 ] with all transitions in problem 11, the following new transition is obtained:
	start(x, y) -> Com_1(f(x + 11, y)) [ x < y^2 /\ x + 1 < y^2 /\ x + 2 < y^2 /\ x + 3 < y^2 /\ x + 4 < y^2 /\ x + 5 < y^2 /\ x + 6 < y^2 /\ x + 7 < y^2 /\ x + 8 < y^2 /\ x + 9 < y^2 /\ x + 10 < y^2 ]
We thus obtain the following problem:
12:	T:
		(1, 12)    start(x, y) -> Com_1(f(x + 11, y)) [ x < y^2 /\ x + 1 < y^2 /\ x + 2 < y^2 /\ x + 3 < y^2 /\ x + 4 < y^2 /\ x + 5 < y^2 /\ x + 6 < y^2 /\ x + 7 < y^2 /\ x + 8 < y^2 /\ x + 9 < y^2 /\ x + 10 < y^2 ]
		(?, 1)     f(x, y) -> Com_1(f(x + 1, y)) [ x < y^2 ]
	start location:	start
	leaf cost:	0

By chaining the transition start(x, y) -> Com_1(f(x + 11, y)) [ x < y^2 /\ x + 1 < y^2 /\ x + 2 < y^2 /\ x + 3 < y^2 /\ x + 4 < y^2 /\ x + 5 < y^2 /\ x + 6 < y^2 /\ x + 7 < y^2 /\ x + 8 < y^2 /\ x + 9 < y^2 /\ x + 10 < y^2 ] with all transitions in problem 12, the following new transition is obtained:
	start(x, y) -> Com_1(f(x + 12, y)) [ x < y^2 /\ x + 1 < y^2 /\ x + 2 < y^2 /\ x + 3 < y^2 /\ x + 4 < y^2 /\ x + 5 < y^2 /\ x + 6 < y^2 /\ x + 7 < y^2 /\ x + 8 < y^2 /\ x + 9 < y^2 /\ x + 10 < y^2 /\ x + 11 < y^2 ]
We thus obtain the following problem:
13:	T:
		(1, 13)    start(x, y) -> Com_1(f(x + 12, y)) [ x < y^2 /\ x + 1 < y^2 /\ x + 2 < y^2 /\ x + 3 < y^2 /\ x + 4 < y^2 /\ x + 5 < y^2 /\ x + 6 < y^2 /\ x + 7 < y^2 /\ x + 8 < y^2 /\ x + 9 < y^2 /\ x + 10 < y^2 /\ x + 11 < y^2 ]
		(?, 1)     f(x, y) -> Com_1(f(x + 1, y)) [ x < y^2 ]
	start location:	start
	leaf cost:	0

By chaining the transition start(x, y) -> Com_1(f(x + 12, y)) [ x < y^2 /\ x + 1 < y^2 /\ x + 2 < y^2 /\ x + 3 < y^2 /\ x + 4 < y^2 /\ x + 5 < y^2 /\ x + 6 < y^2 /\ x + 7 < y^2 /\ x + 8 < y^2 /\ x + 9 < y^2 /\ x + 10 < y^2 /\ x + 11 < y^2 ] with all transitions in problem 13, the following new transition is obtained:
	start(x, y) -> Com_1(f(x + 13, y)) [ x < y^2 /\ x + 1 < y^2 /\ x + 2 < y^2 /\ x + 3 < y^2 /\ x + 4 < y^2 /\ x + 5 < y^2 /\ x + 6 < y^2 /\ x + 7 < y^2 /\ x + 8 < y^2 /\ x + 9 < y^2 /\ x + 10 < y^2 /\ x + 11 < y^2 /\ x + 12 < y^2 ]
We thus obtain the following problem:
14:	T:
		(1, 14)    start(x, y) -> Com_1(f(x + 13, y)) [ x < y^2 /\ x + 1 < y^2 /\ x + 2 < y^2 /\ x + 3 < y^2 /\ x + 4 < y^2 /\ x + 5 < y^2 /\ x + 6 < y^2 /\ x + 7 < y^2 /\ x + 8 < y^2 /\ x + 9 < y^2 /\ x + 10 < y^2 /\ x + 11 < y^2 /\ x + 12 < y^2 ]
		(?, 1)     f(x, y) -> Com_1(f(x + 1, y)) [ x < y^2 ]
	start location:	start
	leaf cost:	0

By chaining the transition start(x, y) -> Com_1(f(x + 13, y)) [ x < y^2 /\ x + 1 < y^2 /\ x + 2 < y^2 /\ x + 3 < y^2 /\ x + 4 < y^2 /\ x + 5 < y^2 /\ x + 6 < y^2 /\ x + 7 < y^2 /\ x + 8 < y^2 /\ x + 9 < y^2 /\ x + 10 < y^2 /\ x + 11 < y^2 /\ x + 12 < y^2 ] with all transitions in problem 14, the following new transition is obtained:
	start(x, y) -> Com_1(f(x + 14, y)) [ x < y^2 /\ x + 1 < y^2 /\ x + 2 < y^2 /\ x + 3 < y^2 /\ x + 4 < y^2 /\ x + 5 < y^2 /\ x + 6 < y^2 /\ x + 7 < y^2 /\ x + 8 < y^2 /\ x + 9 < y^2 /\ x + 10 < y^2 /\ x + 11 < y^2 /\ x + 12 < y^2 /\ x + 13 < y^2 ]
We thus obtain the following problem:
15:	T:
		(1, 15)    start(x, y) -> Com_1(f(x + 14, y)) [ x < y^2 /\ x + 1 < y^2 /\ x + 2 < y^2 /\ x + 3 < y^2 /\ x + 4 < y^2 /\ x + 5 < y^2 /\ x + 6 < y^2 /\ x + 7 < y^2 /\ x + 8 < y^2 /\ x + 9 < y^2 /\ x + 10 < y^2 /\ x + 11 < y^2 /\ x + 12 < y^2 /\ x + 13 < y^2 ]
		(?, 1)     f(x, y) -> Com_1(f(x + 1, y)) [ x < y^2 ]
	start location:	start
	leaf cost:	0

By chaining the transition start(x, y) -> Com_1(f(x + 14, y)) [ x < y^2 /\ x + 1 < y^2 /\ x + 2 < y^2 /\ x + 3 < y^2 /\ x + 4 < y^2 /\ x + 5 < y^2 /\ x + 6 < y^2 /\ x + 7 < y^2 /\ x + 8 < y^2 /\ x + 9 < y^2 /\ x + 10 < y^2 /\ x + 11 < y^2 /\ x + 12 < y^2 /\ x + 13 < y^2 ] with all transitions in problem 15, the following new transition is obtained:
	start(x, y) -> Com_1(f(x + 15, y)) [ x < y^2 /\ x + 1 < y^2 /\ x + 2 < y^2 /\ x + 3 < y^2 /\ x + 4 < y^2 /\ x + 5 < y^2 /\ x + 6 < y^2 /\ x + 7 < y^2 /\ x + 8 < y^2 /\ x + 9 < y^2 /\ x + 10 < y^2 /\ x + 11 < y^2 /\ x + 12 < y^2 /\ x + 13 < y^2 /\ x + 14 < y^2 ]
We thus obtain the following problem:
16:	T:
		(1, 16)    start(x, y) -> Com_1(f(x + 15, y)) [ x < y^2 /\ x + 1 < y^2 /\ x + 2 < y^2 /\ x + 3 < y^2 /\ x + 4 < y^2 /\ x + 5 < y^2 /\ x + 6 < y^2 /\ x + 7 < y^2 /\ x + 8 < y^2 /\ x + 9 < y^2 /\ x + 10 < y^2 /\ x + 11 < y^2 /\ x + 12 < y^2 /\ x + 13 < y^2 /\ x + 14 < y^2 ]
		(?, 1)     f(x, y) -> Com_1(f(x + 1, y)) [ x < y^2 ]
	start location:	start
	leaf cost:	0

Complexity upper bound ?

