MAYBE

Initial complexity problem:
1:	T:
		(Comp: 1, Cost: 1)    start(x, y) -> Com_1(f(x, y))
		(Comp: ?, Cost: 1)    f(x, y) -> Com_1(f(x + 1, y)) [ x < y^3 ]
	start location:	start
	leaf cost:	0

By chaining the transition start(x, y) -> Com_1(f(x, y)) with all transitions in problem 1, the following new transition is obtained:
	start(x, y) -> Com_1(f(x + 1, y)) [ x < y^3 ]
We thus obtain the following problem:
2:	T:
		(Comp: 1, Cost: 2)    start(x, y) -> Com_1(f(x + 1, y)) [ x < y^3 ]
		(Comp: ?, Cost: 1)    f(x, y) -> Com_1(f(x + 1, y)) [ x < y^3 ]
	start location:	start
	leaf cost:	0

By chaining the transition start(x, y) -> Com_1(f(x + 1, y)) [ x < y^3 ] with all transitions in problem 2, the following new transition is obtained:
	start(x, y) -> Com_1(f(x + 2, y)) [ x < y^3 /\ x + 1 < y^3 ]
We thus obtain the following problem:
3:	T:
		(Comp: 1, Cost: 3)    start(x, y) -> Com_1(f(x + 2, y)) [ x < y^3 /\ x + 1 < y^3 ]
		(Comp: ?, Cost: 1)    f(x, y) -> Com_1(f(x + 1, y)) [ x < y^3 ]
	start location:	start
	leaf cost:	0

By chaining the transition start(x, y) -> Com_1(f(x + 2, y)) [ x < y^3 /\ x + 1 < y^3 ] with all transitions in problem 3, the following new transition is obtained:
	start(x, y) -> Com_1(f(x + 3, y)) [ x < y^3 /\ x + 1 < y^3 /\ x + 2 < y^3 ]
We thus obtain the following problem:
4:	T:
		(Comp: 1, Cost: 4)    start(x, y) -> Com_1(f(x + 3, y)) [ x < y^3 /\ x + 1 < y^3 /\ x + 2 < y^3 ]
		(Comp: ?, Cost: 1)    f(x, y) -> Com_1(f(x + 1, y)) [ x < y^3 ]
	start location:	start
	leaf cost:	0

By chaining the transition start(x, y) -> Com_1(f(x + 3, y)) [ x < y^3 /\ x + 1 < y^3 /\ x + 2 < y^3 ] with all transitions in problem 4, the following new transition is obtained:
	start(x, y) -> Com_1(f(x + 4, y)) [ x < y^3 /\ x + 1 < y^3 /\ x + 2 < y^3 /\ x + 3 < y^3 ]
We thus obtain the following problem:
5:	T:
		(Comp: 1, Cost: 5)    start(x, y) -> Com_1(f(x + 4, y)) [ x < y^3 /\ x + 1 < y^3 /\ x + 2 < y^3 /\ x + 3 < y^3 ]
		(Comp: ?, Cost: 1)    f(x, y) -> Com_1(f(x + 1, y)) [ x < y^3 ]
	start location:	start
	leaf cost:	0

By chaining the transition start(x, y) -> Com_1(f(x + 4, y)) [ x < y^3 /\ x + 1 < y^3 /\ x + 2 < y^3 /\ x + 3 < y^3 ] with all transitions in problem 5, the following new transition is obtained:
	start(x, y) -> Com_1(f(x + 5, y)) [ x < y^3 /\ x + 1 < y^3 /\ x + 2 < y^3 /\ x + 3 < y^3 /\ x + 4 < y^3 ]
We thus obtain the following problem:
6:	T:
		(Comp: 1, Cost: 6)    start(x, y) -> Com_1(f(x + 5, y)) [ x < y^3 /\ x + 1 < y^3 /\ x + 2 < y^3 /\ x + 3 < y^3 /\ x + 4 < y^3 ]
		(Comp: ?, Cost: 1)    f(x, y) -> Com_1(f(x + 1, y)) [ x < y^3 ]
	start location:	start
	leaf cost:	0

By chaining the transition start(x, y) -> Com_1(f(x + 5, y)) [ x < y^3 /\ x + 1 < y^3 /\ x + 2 < y^3 /\ x + 3 < y^3 /\ x + 4 < y^3 ] with all transitions in problem 6, the following new transition is obtained:
	start(x, y) -> Com_1(f(x + 6, y)) [ x < y^3 /\ x + 1 < y^3 /\ x + 2 < y^3 /\ x + 3 < y^3 /\ x + 4 < y^3 /\ x + 5 < y^3 ]
We thus obtain the following problem:
7:	T:
		(Comp: 1, Cost: 7)    start(x, y) -> Com_1(f(x + 6, y)) [ x < y^3 /\ x + 1 < y^3 /\ x + 2 < y^3 /\ x + 3 < y^3 /\ x + 4 < y^3 /\ x + 5 < y^3 ]
		(Comp: ?, Cost: 1)    f(x, y) -> Com_1(f(x + 1, y)) [ x < y^3 ]
	start location:	start
	leaf cost:	0

By chaining the transition start(x, y) -> Com_1(f(x + 6, y)) [ x < y^3 /\ x + 1 < y^3 /\ x + 2 < y^3 /\ x + 3 < y^3 /\ x + 4 < y^3 /\ x + 5 < y^3 ] with all transitions in problem 7, the following new transition is obtained:
	start(x, y) -> Com_1(f(x + 7, y)) [ x < y^3 /\ x + 1 < y^3 /\ x + 2 < y^3 /\ x + 3 < y^3 /\ x + 4 < y^3 /\ x + 5 < y^3 /\ x + 6 < y^3 ]
We thus obtain the following problem:
8:	T:
		(Comp: 1, Cost: 8)    start(x, y) -> Com_1(f(x + 7, y)) [ x < y^3 /\ x + 1 < y^3 /\ x + 2 < y^3 /\ x + 3 < y^3 /\ x + 4 < y^3 /\ x + 5 < y^3 /\ x + 6 < y^3 ]
		(Comp: ?, Cost: 1)    f(x, y) -> Com_1(f(x + 1, y)) [ x < y^3 ]
	start location:	start
	leaf cost:	0

By chaining the transition start(x, y) -> Com_1(f(x + 7, y)) [ x < y^3 /\ x + 1 < y^3 /\ x + 2 < y^3 /\ x + 3 < y^3 /\ x + 4 < y^3 /\ x + 5 < y^3 /\ x + 6 < y^3 ] with all transitions in problem 8, the following new transition is obtained:
	start(x, y) -> Com_1(f(x + 8, y)) [ x < y^3 /\ x + 1 < y^3 /\ x + 2 < y^3 /\ x + 3 < y^3 /\ x + 4 < y^3 /\ x + 5 < y^3 /\ x + 6 < y^3 /\ x + 7 < y^3 ]
We thus obtain the following problem:
9:	T:
		(Comp: 1, Cost: 9)    start(x, y) -> Com_1(f(x + 8, y)) [ x < y^3 /\ x + 1 < y^3 /\ x + 2 < y^3 /\ x + 3 < y^3 /\ x + 4 < y^3 /\ x + 5 < y^3 /\ x + 6 < y^3 /\ x + 7 < y^3 ]
		(Comp: ?, Cost: 1)    f(x, y) -> Com_1(f(x + 1, y)) [ x < y^3 ]
	start location:	start
	leaf cost:	0

By chaining the transition start(x, y) -> Com_1(f(x + 8, y)) [ x < y^3 /\ x + 1 < y^3 /\ x + 2 < y^3 /\ x + 3 < y^3 /\ x + 4 < y^3 /\ x + 5 < y^3 /\ x + 6 < y^3 /\ x + 7 < y^3 ] with all transitions in problem 9, the following new transition is obtained:
	start(x, y) -> Com_1(f(x + 9, y)) [ x < y^3 /\ x + 1 < y^3 /\ x + 2 < y^3 /\ x + 3 < y^3 /\ x + 4 < y^3 /\ x + 5 < y^3 /\ x + 6 < y^3 /\ x + 7 < y^3 /\ x + 8 < y^3 ]
We thus obtain the following problem:
10:	T:
		(Comp: 1, Cost: 10)    start(x, y) -> Com_1(f(x + 9, y)) [ x < y^3 /\ x + 1 < y^3 /\ x + 2 < y^3 /\ x + 3 < y^3 /\ x + 4 < y^3 /\ x + 5 < y^3 /\ x + 6 < y^3 /\ x + 7 < y^3 /\ x + 8 < y^3 ]
		(Comp: ?, Cost: 1)     f(x, y) -> Com_1(f(x + 1, y)) [ x < y^3 ]
	start location:	start
	leaf cost:	0

By chaining the transition start(x, y) -> Com_1(f(x + 9, y)) [ x < y^3 /\ x + 1 < y^3 /\ x + 2 < y^3 /\ x + 3 < y^3 /\ x + 4 < y^3 /\ x + 5 < y^3 /\ x + 6 < y^3 /\ x + 7 < y^3 /\ x + 8 < y^3 ] with all transitions in problem 10, the following new transition is obtained:
	start(x, y) -> Com_1(f(x + 10, y)) [ x < y^3 /\ x + 1 < y^3 /\ x + 2 < y^3 /\ x + 3 < y^3 /\ x + 4 < y^3 /\ x + 5 < y^3 /\ x + 6 < y^3 /\ x + 7 < y^3 /\ x + 8 < y^3 /\ x + 9 < y^3 ]
We thus obtain the following problem:
11:	T:
		(Comp: 1, Cost: 11)    start(x, y) -> Com_1(f(x + 10, y)) [ x < y^3 /\ x + 1 < y^3 /\ x + 2 < y^3 /\ x + 3 < y^3 /\ x + 4 < y^3 /\ x + 5 < y^3 /\ x + 6 < y^3 /\ x + 7 < y^3 /\ x + 8 < y^3 /\ x + 9 < y^3 ]
		(Comp: ?, Cost: 1)     f(x, y) -> Com_1(f(x + 1, y)) [ x < y^3 ]
	start location:	start
	leaf cost:	0

By chaining the transition start(x, y) -> Com_1(f(x + 10, y)) [ x < y^3 /\ x + 1 < y^3 /\ x + 2 < y^3 /\ x + 3 < y^3 /\ x + 4 < y^3 /\ x + 5 < y^3 /\ x + 6 < y^3 /\ x + 7 < y^3 /\ x + 8 < y^3 /\ x + 9 < y^3 ] with all transitions in problem 11, the following new transition is obtained:
	start(x, y) -> Com_1(f(x + 11, y)) [ x < y^3 /\ x + 1 < y^3 /\ x + 2 < y^3 /\ x + 3 < y^3 /\ x + 4 < y^3 /\ x + 5 < y^3 /\ x + 6 < y^3 /\ x + 7 < y^3 /\ x + 8 < y^3 /\ x + 9 < y^3 /\ x + 10 < y^3 ]
We thus obtain the following problem:
12:	T:
		(Comp: 1, Cost: 12)    start(x, y) -> Com_1(f(x + 11, y)) [ x < y^3 /\ x + 1 < y^3 /\ x + 2 < y^3 /\ x + 3 < y^3 /\ x + 4 < y^3 /\ x + 5 < y^3 /\ x + 6 < y^3 /\ x + 7 < y^3 /\ x + 8 < y^3 /\ x + 9 < y^3 /\ x + 10 < y^3 ]
		(Comp: ?, Cost: 1)     f(x, y) -> Com_1(f(x + 1, y)) [ x < y^3 ]
	start location:	start
	leaf cost:	0

By chaining the transition start(x, y) -> Com_1(f(x + 11, y)) [ x < y^3 /\ x + 1 < y^3 /\ x + 2 < y^3 /\ x + 3 < y^3 /\ x + 4 < y^3 /\ x + 5 < y^3 /\ x + 6 < y^3 /\ x + 7 < y^3 /\ x + 8 < y^3 /\ x + 9 < y^3 /\ x + 10 < y^3 ] with all transitions in problem 12, the following new transition is obtained:
	start(x, y) -> Com_1(f(x + 12, y)) [ x < y^3 /\ x + 1 < y^3 /\ x + 2 < y^3 /\ x + 3 < y^3 /\ x + 4 < y^3 /\ x + 5 < y^3 /\ x + 6 < y^3 /\ x + 7 < y^3 /\ x + 8 < y^3 /\ x + 9 < y^3 /\ x + 10 < y^3 /\ x + 11 < y^3 ]
We thus obtain the following problem:
13:	T:
		(Comp: 1, Cost: 13)    start(x, y) -> Com_1(f(x + 12, y)) [ x < y^3 /\ x + 1 < y^3 /\ x + 2 < y^3 /\ x + 3 < y^3 /\ x + 4 < y^3 /\ x + 5 < y^3 /\ x + 6 < y^3 /\ x + 7 < y^3 /\ x + 8 < y^3 /\ x + 9 < y^3 /\ x + 10 < y^3 /\ x + 11 < y^3 ]
		(Comp: ?, Cost: 1)     f(x, y) -> Com_1(f(x + 1, y)) [ x < y^3 ]
	start location:	start
	leaf cost:	0

By chaining the transition start(x, y) -> Com_1(f(x + 12, y)) [ x < y^3 /\ x + 1 < y^3 /\ x + 2 < y^3 /\ x + 3 < y^3 /\ x + 4 < y^3 /\ x + 5 < y^3 /\ x + 6 < y^3 /\ x + 7 < y^3 /\ x + 8 < y^3 /\ x + 9 < y^3 /\ x + 10 < y^3 /\ x + 11 < y^3 ] with all transitions in problem 13, the following new transition is obtained:
	start(x, y) -> Com_1(f(x + 13, y)) [ x < y^3 /\ x + 1 < y^3 /\ x + 2 < y^3 /\ x + 3 < y^3 /\ x + 4 < y^3 /\ x + 5 < y^3 /\ x + 6 < y^3 /\ x + 7 < y^3 /\ x + 8 < y^3 /\ x + 9 < y^3 /\ x + 10 < y^3 /\ x + 11 < y^3 /\ x + 12 < y^3 ]
We thus obtain the following problem:
14:	T:
		(Comp: 1, Cost: 14)    start(x, y) -> Com_1(f(x + 13, y)) [ x < y^3 /\ x + 1 < y^3 /\ x + 2 < y^3 /\ x + 3 < y^3 /\ x + 4 < y^3 /\ x + 5 < y^3 /\ x + 6 < y^3 /\ x + 7 < y^3 /\ x + 8 < y^3 /\ x + 9 < y^3 /\ x + 10 < y^3 /\ x + 11 < y^3 /\ x + 12 < y^3 ]
		(Comp: ?, Cost: 1)     f(x, y) -> Com_1(f(x + 1, y)) [ x < y^3 ]
	start location:	start
	leaf cost:	0

By chaining the transition start(x, y) -> Com_1(f(x + 13, y)) [ x < y^3 /\ x + 1 < y^3 /\ x + 2 < y^3 /\ x + 3 < y^3 /\ x + 4 < y^3 /\ x + 5 < y^3 /\ x + 6 < y^3 /\ x + 7 < y^3 /\ x + 8 < y^3 /\ x + 9 < y^3 /\ x + 10 < y^3 /\ x + 11 < y^3 /\ x + 12 < y^3 ] with all transitions in problem 14, the following new transition is obtained:
	start(x, y) -> Com_1(f(x + 14, y)) [ x < y^3 /\ x + 1 < y^3 /\ x + 2 < y^3 /\ x + 3 < y^3 /\ x + 4 < y^3 /\ x + 5 < y^3 /\ x + 6 < y^3 /\ x + 7 < y^3 /\ x + 8 < y^3 /\ x + 9 < y^3 /\ x + 10 < y^3 /\ x + 11 < y^3 /\ x + 12 < y^3 /\ x + 13 < y^3 ]
We thus obtain the following problem:
15:	T:
		(Comp: 1, Cost: 15)    start(x, y) -> Com_1(f(x + 14, y)) [ x < y^3 /\ x + 1 < y^3 /\ x + 2 < y^3 /\ x + 3 < y^3 /\ x + 4 < y^3 /\ x + 5 < y^3 /\ x + 6 < y^3 /\ x + 7 < y^3 /\ x + 8 < y^3 /\ x + 9 < y^3 /\ x + 10 < y^3 /\ x + 11 < y^3 /\ x + 12 < y^3 /\ x + 13 < y^3 ]
		(Comp: ?, Cost: 1)     f(x, y) -> Com_1(f(x + 1, y)) [ x < y^3 ]
	start location:	start
	leaf cost:	0

By chaining the transition start(x, y) -> Com_1(f(x + 14, y)) [ x < y^3 /\ x + 1 < y^3 /\ x + 2 < y^3 /\ x + 3 < y^3 /\ x + 4 < y^3 /\ x + 5 < y^3 /\ x + 6 < y^3 /\ x + 7 < y^3 /\ x + 8 < y^3 /\ x + 9 < y^3 /\ x + 10 < y^3 /\ x + 11 < y^3 /\ x + 12 < y^3 /\ x + 13 < y^3 ] with all transitions in problem 15, the following new transition is obtained:
	start(x, y) -> Com_1(f(x + 15, y)) [ x < y^3 /\ x + 1 < y^3 /\ x + 2 < y^3 /\ x + 3 < y^3 /\ x + 4 < y^3 /\ x + 5 < y^3 /\ x + 6 < y^3 /\ x + 7 < y^3 /\ x + 8 < y^3 /\ x + 9 < y^3 /\ x + 10 < y^3 /\ x + 11 < y^3 /\ x + 12 < y^3 /\ x + 13 < y^3 /\ x + 14 < y^3 ]
We thus obtain the following problem:
16:	T:
		(Comp: 1, Cost: 16)    start(x, y) -> Com_1(f(x + 15, y)) [ x < y^3 /\ x + 1 < y^3 /\ x + 2 < y^3 /\ x + 3 < y^3 /\ x + 4 < y^3 /\ x + 5 < y^3 /\ x + 6 < y^3 /\ x + 7 < y^3 /\ x + 8 < y^3 /\ x + 9 < y^3 /\ x + 10 < y^3 /\ x + 11 < y^3 /\ x + 12 < y^3 /\ x + 13 < y^3 /\ x + 14 < y^3 ]
		(Comp: ?, Cost: 1)     f(x, y) -> Com_1(f(x + 1, y)) [ x < y^3 ]
	start location:	start
	leaf cost:	0

Complexity upper bound ?

