YES(?, pow(2, y) * (x + y + y^2) + y + x + 2)

Initial complexity problem:
1:	T:
		(Comp: 1, Cost: 1)    start(x, y) -> Com_1(f(x, y))
		(Comp: ?, Cost: 1)    f(x, y) -> Com_1(f(x + 2*y, y - 1)) [ y > 0 ]
		(Comp: ?, Cost: 1)    f(x, y) -> Com_1(g(x, y)) [ y <= 0 ]
		(Comp: ?, Cost: 1)    g(x, y) -> Com_1(g(x - 1, y)) [ x > 0 ]
	start location:	start
	leaf cost:	0

A polynomial rank function with
	Pol(start) = 1
	Pol(f) = 1
	Pol(g) = -1
orients all transitions weakly and the transition
	f(x, y) -> Com_1(g(x, y)) [ y <= 0 ]
strictly and produces the following problem:
2:	T:
		(Comp: 1, Cost: 1)    start(x, y) -> Com_1(f(x, y))
		(Comp: ?, Cost: 1)    f(x, y) -> Com_1(f(x + 2*y, y - 1)) [ y > 0 ]
		(Comp: 1, Cost: 1)    f(x, y) -> Com_1(g(x, y)) [ y <= 0 ]
		(Comp: ?, Cost: 1)    g(x, y) -> Com_1(g(x - 1, y)) [ x > 0 ]
	start location:	start
	leaf cost:	0

A polynomial rank function with
	Pol(start) = V_2
	Pol(f) = V_2
	Pol(g) = V_2 - 1
orients all transitions weakly and the transition
	f(x, y) -> Com_1(f(x + 2*y, y - 1)) [ y > 0 ]
strictly and produces the following problem:
3:	T:
		(Comp: 1, Cost: 1)    start(x, y) -> Com_1(f(x, y))
		(Comp: y, Cost: 1)    f(x, y) -> Com_1(f(x + 2*y, y - 1)) [ y > 0 ]
		(Comp: 1, Cost: 1)    f(x, y) -> Com_1(g(x, y)) [ y <= 0 ]
		(Comp: ?, Cost: 1)    g(x, y) -> Com_1(g(x - 1, y)) [ x > 0 ]
	start location:	start
	leaf cost:	0

A polynomial rank function with
	Pol(g) = V_1
and size complexities
	S("g(x, y) -> Com_1(g(x - 1, y)) [ x > 0 ]", 0-0) = pow(2, y) * (x + y + y^2) + x
	S("g(x, y) -> Com_1(g(x - 1, y)) [ x > 0 ]", 0-1) = y
	S("f(x, y) -> Com_1(g(x, y)) [ y <= 0 ]", 0-0) = pow(2, y) * (x + y + y^2) + x
	S("f(x, y) -> Com_1(g(x, y)) [ y <= 0 ]", 0-1) = y
	S("f(x, y) -> Com_1(f(x + 2*y, y - 1)) [ y > 0 ]", 0-0) = pow(2, y) * (x + y + y^2)
	S("f(x, y) -> Com_1(f(x + 2*y, y - 1)) [ y > 0 ]", 0-1) = y
	S("start(x, y) -> Com_1(f(x, y))", 0-0) = x
	S("start(x, y) -> Com_1(f(x, y))", 0-1) = y
orients the transitions
	g(x, y) -> Com_1(g(x - 1, y)) [ x > 0 ]
weakly and the transition
	g(x, y) -> Com_1(g(x - 1, y)) [ x > 0 ]
strictly and produces the following problem:
4:	T:
		(Comp: 1, Cost: 1)                                start(x, y) -> Com_1(f(x, y))
		(Comp: y, Cost: 1)                                f(x, y) -> Com_1(f(x + 2*y, y - 1)) [ y > 0 ]
		(Comp: 1, Cost: 1)                                f(x, y) -> Com_1(g(x, y)) [ y <= 0 ]
		(Comp: pow(2, y) * (x + y + y^2) + x, Cost: 1)    g(x, y) -> Com_1(g(x - 1, y)) [ x > 0 ]
	start location:	start
	leaf cost:	0

Complexity upper bound pow(2, y) * (x + y + y^2) + y + x + 2

