YES(?, 9*i + 2*i^2 + 8)

Initial complexity problem:
1:	T:
		(Comp: 1, Cost: 1)    start(i, j) -> Com_1(bb4(i, j))
		(Comp: ?, Cost: 1)    bb4(i, j) -> Com_1(bb2(i, i)) [ i >= 0 /\ i > 0 ]
		(Comp: ?, Cost: 1)    bb2(i, j) -> Com_1(bb2(i, j - 1)) [ i >= 0 /\ j >= 0 /\ j > 0 ]
		(Comp: ?, Cost: 1)    bb2(i, j) -> Com_1(bb4(i - 1, j)) [ i >= 0 /\ j >= 0 /\ j <= 0 ]
	start location:	start
	leaf cost:	0

A polynomial rank function with
	Pol(start) = 2*V_1 + 2
	Pol(bb4) = 2*V_1 + 2
	Pol(bb2) = 2*V_1 + 1
orients all transitions weakly and the transition
	bb4(i, j) -> Com_1(bb2(i, i)) [ i >= 0 /\ i > 0 ]
strictly and produces the following problem:
2:	T:
		(Comp: 1, Cost: 1)          start(i, j) -> Com_1(bb4(i, j))
		(Comp: 2*i + 2, Cost: 1)    bb4(i, j) -> Com_1(bb2(i, i)) [ i >= 0 /\ i > 0 ]
		(Comp: ?, Cost: 1)          bb2(i, j) -> Com_1(bb2(i, j - 1)) [ i >= 0 /\ j >= 0 /\ j > 0 ]
		(Comp: ?, Cost: 1)          bb2(i, j) -> Com_1(bb4(i - 1, j)) [ i >= 0 /\ j >= 0 /\ j <= 0 ]
	start location:	start
	leaf cost:	0

A polynomial rank function with
	Pol(start) = V_1 + 1
	Pol(bb4) = V_1 + 1
	Pol(bb2) = V_1 + 1
orients all transitions weakly and the transition
	bb2(i, j) -> Com_1(bb4(i - 1, j)) [ i >= 0 /\ j >= 0 /\ j <= 0 ]
strictly and produces the following problem:
3:	T:
		(Comp: 1, Cost: 1)          start(i, j) -> Com_1(bb4(i, j))
		(Comp: 2*i + 2, Cost: 1)    bb4(i, j) -> Com_1(bb2(i, i)) [ i >= 0 /\ i > 0 ]
		(Comp: ?, Cost: 1)          bb2(i, j) -> Com_1(bb2(i, j - 1)) [ i >= 0 /\ j >= 0 /\ j > 0 ]
		(Comp: i + 1, Cost: 1)      bb2(i, j) -> Com_1(bb4(i - 1, j)) [ i >= 0 /\ j >= 0 /\ j <= 0 ]
	start location:	start
	leaf cost:	0

A polynomial rank function with
	Pol(bb2) = V_2 + 1
and size complexities
	S("bb2(i, j) -> Com_1(bb4(i - 1, j)) [ i >= 0 /\\ j >= 0 /\\ j <= 0 ]", 0-0) = i + 1
	S("bb2(i, j) -> Com_1(bb4(i - 1, j)) [ i >= 0 /\\ j >= 0 /\\ j <= 0 ]", 0-1) = 0
	S("bb2(i, j) -> Com_1(bb2(i, j - 1)) [ i >= 0 /\\ j >= 0 /\\ j > 0 ]", 0-0) = i + 1
	S("bb2(i, j) -> Com_1(bb2(i, j - 1)) [ i >= 0 /\\ j >= 0 /\\ j > 0 ]", 0-1) = i + 1
	S("bb4(i, j) -> Com_1(bb2(i, i)) [ i >= 0 /\\ i > 0 ]", 0-0) = i + 1
	S("bb4(i, j) -> Com_1(bb2(i, i)) [ i >= 0 /\\ i > 0 ]", 0-1) = i + 1
	S("start(i, j) -> Com_1(bb4(i, j))", 0-0) = i
	S("start(i, j) -> Com_1(bb4(i, j))", 0-1) = j
orients the transitions
	bb2(i, j) -> Com_1(bb2(i, j - 1)) [ i >= 0 /\ j >= 0 /\ j > 0 ]
weakly and the transition
	bb2(i, j) -> Com_1(bb2(i, j - 1)) [ i >= 0 /\ j >= 0 /\ j > 0 ]
strictly and produces the following problem:
4:	T:
		(Comp: 1, Cost: 1)                  start(i, j) -> Com_1(bb4(i, j))
		(Comp: 2*i + 2, Cost: 1)            bb4(i, j) -> Com_1(bb2(i, i)) [ i >= 0 /\ i > 0 ]
		(Comp: 2*i^2 + 6*i + 4, Cost: 1)    bb2(i, j) -> Com_1(bb2(i, j - 1)) [ i >= 0 /\ j >= 0 /\ j > 0 ]
		(Comp: i + 1, Cost: 1)              bb2(i, j) -> Com_1(bb4(i - 1, j)) [ i >= 0 /\ j >= 0 /\ j <= 0 ]
	start location:	start
	leaf cost:	0

Complexity upper bound 9*i + 2*i^2 + 8

