YES(?, 6*x + 6*x^2 + 1)

Initial complexity problem:
1:	T:
		(Comp: 1, Cost: 1)    start(x, y) -> Com_1(f(x, y))
		(Comp: ?, Cost: 1)    f(x, y) -> Com_1(g(x, x)) [ x > 0 ]
		(Comp: ?, Cost: 1)    g(x, y) -> Com_1(g(x, y - 1)) [ y >= 0 ]
		(Comp: ?, Cost: 1)    g(x, y) -> Com_1(f(x - 1, y)) [ y < 0 ]
	start location:	start
	leaf cost:	0

A polynomial rank function with
	Pol(start) = 2*V_1
	Pol(f) = 2*V_1
	Pol(g) = 2*V_1 - 1
orients all transitions weakly and the transition
	f(x, y) -> Com_1(g(x, x)) [ x > 0 ]
strictly and produces the following problem:
2:	T:
		(Comp: 1, Cost: 1)      start(x, y) -> Com_1(f(x, y))
		(Comp: 2*x, Cost: 1)    f(x, y) -> Com_1(g(x, x)) [ x > 0 ]
		(Comp: ?, Cost: 1)      g(x, y) -> Com_1(g(x, y - 1)) [ y >= 0 ]
		(Comp: ?, Cost: 1)      g(x, y) -> Com_1(f(x - 1, y)) [ y < 0 ]
	start location:	start
	leaf cost:	0

A polynomial rank function with
	Pol(g) = 1
	Pol(f) = 0
and size complexities
	S("g(x, y) -> Com_1(f(x - 1, y)) [ y < 0 ]", 0-0) = ?
	S("g(x, y) -> Com_1(f(x - 1, y)) [ y < 0 ]", 0-1) = ?
	S("g(x, y) -> Com_1(g(x, y - 1)) [ y >= 0 ]", 0-0) = ?
	S("g(x, y) -> Com_1(g(x, y - 1)) [ y >= 0 ]", 0-1) = ?
	S("f(x, y) -> Com_1(g(x, x)) [ x > 0 ]", 0-0) = ?
	S("f(x, y) -> Com_1(g(x, x)) [ x > 0 ]", 0-1) = ?
	S("start(x, y) -> Com_1(f(x, y))", 0-0) = x
	S("start(x, y) -> Com_1(f(x, y))", 0-1) = y
orients the transitions
	g(x, y) -> Com_1(g(x, y - 1)) [ y >= 0 ]
	g(x, y) -> Com_1(f(x - 1, y)) [ y < 0 ]
weakly and the transition
	g(x, y) -> Com_1(f(x - 1, y)) [ y < 0 ]
strictly and produces the following problem:
3:	T:
		(Comp: 1, Cost: 1)      start(x, y) -> Com_1(f(x, y))
		(Comp: 2*x, Cost: 1)    f(x, y) -> Com_1(g(x, x)) [ x > 0 ]
		(Comp: ?, Cost: 1)      g(x, y) -> Com_1(g(x, y - 1)) [ y >= 0 ]
		(Comp: 2*x, Cost: 1)    g(x, y) -> Com_1(f(x - 1, y)) [ y < 0 ]
	start location:	start
	leaf cost:	0

A polynomial rank function with
	Pol(g) = V_2 + 1
and size complexities
	S("g(x, y) -> Com_1(f(x - 1, y)) [ y < 0 ]", 0-0) = 3*x
	S("g(x, y) -> Com_1(f(x - 1, y)) [ y < 0 ]", 0-1) = 3*x + 27
	S("g(x, y) -> Com_1(g(x, y - 1)) [ y >= 0 ]", 0-0) = 3*x
	S("g(x, y) -> Com_1(g(x, y - 1)) [ y >= 0 ]", 0-1) = 3*x + 9
	S("f(x, y) -> Com_1(g(x, x)) [ x > 0 ]", 0-0) = 3*x
	S("f(x, y) -> Com_1(g(x, x)) [ x > 0 ]", 0-1) = 3*x
	S("start(x, y) -> Com_1(f(x, y))", 0-0) = x
	S("start(x, y) -> Com_1(f(x, y))", 0-1) = y
orients the transitions
	g(x, y) -> Com_1(g(x, y - 1)) [ y >= 0 ]
weakly and the transition
	g(x, y) -> Com_1(g(x, y - 1)) [ y >= 0 ]
strictly and produces the following problem:
4:	T:
		(Comp: 1, Cost: 1)              start(x, y) -> Com_1(f(x, y))
		(Comp: 2*x, Cost: 1)            f(x, y) -> Com_1(g(x, x)) [ x > 0 ]
		(Comp: 6*x^2 + 2*x, Cost: 1)    g(x, y) -> Com_1(g(x, y - 1)) [ y >= 0 ]
		(Comp: 2*x, Cost: 1)            g(x, y) -> Com_1(f(x - 1, y)) [ y < 0 ]
	start location:	start
	leaf cost:	0

Complexity upper bound 6*x + 6*x^2 + 1

