YES(?, 13*x + 2*x^2 + 11)

Initial complexity problem:
1:	T:
		(1, 1)    l0(r, x, f, i) -> Com_1(l1(0, x, f, i))
		(?, 1)    l1(r, x, f, i) -> Com_1(l2(r, x, 1, 1)) [ x >= 0 ]
		(?, 1)    l2(r, x, f, i) -> Com_1(l2(r, x, f*i, i + 1)) [ i < x ]
		(?, 1)    l2(r, x, f, i) -> Com_1(l1(r + f, x - 1, f, i)) [ i >= x ]
	start location:	l0
	leaf cost:	0

A polynomial rank function with
	Pol(l0) = 2*V_2 + 2
	Pol(l1) = 2*V_2 + 2
	Pol(l2) = 2*V_2 + 1
orients all transitions weakly and the transition
	l1(r, x, f, i) -> Com_1(l2(r, x, 1, 1)) [ x >= 0 ]
strictly and produces the following problem:
2:	T:
		(1, 1)          l0(r, x, f, i) -> Com_1(l1(0, x, f, i))
		(2*x + 2, 1)    l1(r, x, f, i) -> Com_1(l2(r, x, 1, 1)) [ x >= 0 ]
		(?, 1)          l2(r, x, f, i) -> Com_1(l2(r, x, f*i, i + 1)) [ i < x ]
		(?, 1)          l2(r, x, f, i) -> Com_1(l1(r + f, x - 1, f, i)) [ i >= x ]
	start location:	l0
	leaf cost:	0

Applied AI with 'oct' on problem 2 to obtain the following invariants:
  For symbol l1: X_1 >= 0
  For symbol l2: X_2 - X_4 + 1 >= 0 /\ X_4 - 1 >= 0 /\ X_3 + X_4 - 2 >= 0 /\ X_2 + X_4 - 1 >= 0 /\ X_1 + X_4 - 1 >= 0 /\ X_3 - 1 >= 0 /\ X_2 + X_3 - 1 >= 0 /\ X_1 + X_3 - 1 >= 0 /\ X_2 >= 0 /\ X_1 + X_2 >= 0 /\ X_1 >= 0


This yielded the following problem:
3:	T:
		(?, 1)          l2(r, x, f, i) -> Com_1(l1(r + f, x - 1, f, i)) [ x - i + 1 >= 0 /\ i - 1 >= 0 /\ f + i - 2 >= 0 /\ x + i - 1 >= 0 /\ r + i - 1 >= 0 /\ f - 1 >= 0 /\ x + f - 1 >= 0 /\ r + f - 1 >= 0 /\ x >= 0 /\ r + x >= 0 /\ r >= 0 /\ i >= x ]
		(?, 1)          l2(r, x, f, i) -> Com_1(l2(r, x, f*i, i + 1)) [ x - i + 1 >= 0 /\ i - 1 >= 0 /\ f + i - 2 >= 0 /\ x + i - 1 >= 0 /\ r + i - 1 >= 0 /\ f - 1 >= 0 /\ x + f - 1 >= 0 /\ r + f - 1 >= 0 /\ x >= 0 /\ r + x >= 0 /\ r >= 0 /\ i < x ]
		(2*x + 2, 1)    l1(r, x, f, i) -> Com_1(l2(r, x, 1, 1)) [ r >= 0 /\ x >= 0 ]
		(1, 1)          l0(r, x, f, i) -> Com_1(l1(0, x, f, i))
	start location:	l0
	leaf cost:	0

A polynomial rank function with
	Pol(l2) = V_2 + 1
	Pol(l1) = V_2 + 1
	Pol(l0) = V_2 + 1
orients all transitions weakly and the transition
	l2(r, x, f, i) -> Com_1(l1(r + f, x - 1, f, i)) [ x - i + 1 >= 0 /\ i - 1 >= 0 /\ f + i - 2 >= 0 /\ x + i - 1 >= 0 /\ r + i - 1 >= 0 /\ f - 1 >= 0 /\ x + f - 1 >= 0 /\ r + f - 1 >= 0 /\ x >= 0 /\ r + x >= 0 /\ r >= 0 /\ i >= x ]
strictly and produces the following problem:
4:	T:
		(x + 1, 1)      l2(r, x, f, i) -> Com_1(l1(r + f, x - 1, f, i)) [ x - i + 1 >= 0 /\ i - 1 >= 0 /\ f + i - 2 >= 0 /\ x + i - 1 >= 0 /\ r + i - 1 >= 0 /\ f - 1 >= 0 /\ x + f - 1 >= 0 /\ r + f - 1 >= 0 /\ x >= 0 /\ r + x >= 0 /\ r >= 0 /\ i >= x ]
		(?, 1)          l2(r, x, f, i) -> Com_1(l2(r, x, f*i, i + 1)) [ x - i + 1 >= 0 /\ i - 1 >= 0 /\ f + i - 2 >= 0 /\ x + i - 1 >= 0 /\ r + i - 1 >= 0 /\ f - 1 >= 0 /\ x + f - 1 >= 0 /\ r + f - 1 >= 0 /\ x >= 0 /\ r + x >= 0 /\ r >= 0 /\ i < x ]
		(2*x + 2, 1)    l1(r, x, f, i) -> Com_1(l2(r, x, 1, 1)) [ r >= 0 /\ x >= 0 ]
		(1, 1)          l0(r, x, f, i) -> Com_1(l1(0, x, f, i))
	start location:	l0
	leaf cost:	0

A polynomial rank function with
	Pol(l2) = V_2 - V_4 + 2
and size complexities
	S("l0(r, x, f, i) -> Com_1(l1(0, x, f, i))", 0-0) = 0
	S("l0(r, x, f, i) -> Com_1(l1(0, x, f, i))", 0-1) = x
	S("l0(r, x, f, i) -> Com_1(l1(0, x, f, i))", 0-2) = f
	S("l0(r, x, f, i) -> Com_1(l1(0, x, f, i))", 0-3) = i
	S("l1(r, x, f, i) -> Com_1(l2(r, x, 1, 1)) [ r >= 0 /\\ x >= 0 ]", 0-0) = ?
	S("l1(r, x, f, i) -> Com_1(l2(r, x, 1, 1)) [ r >= 0 /\\ x >= 0 ]", 0-1) = x + 1
	S("l1(r, x, f, i) -> Com_1(l2(r, x, 1, 1)) [ r >= 0 /\\ x >= 0 ]", 0-2) = 1
	S("l1(r, x, f, i) -> Com_1(l2(r, x, 1, 1)) [ r >= 0 /\\ x >= 0 ]", 0-3) = 1
	S("l2(r, x, f, i) -> Com_1(l2(r, x, f*i, i + 1)) [ x - i + 1 >= 0 /\\ i - 1 >= 0 /\\ f + i - 2 >= 0 /\\ x + i - 1 >= 0 /\\ r + i - 1 >= 0 /\\ f - 1 >= 0 /\\ x + f - 1 >= 0 /\\ r + f - 1 >= 0 /\\ x >= 0 /\\ r + x >= 0 /\\ r >= 0 /\\ i < x ]", 0-0) = ?
	S("l2(r, x, f, i) -> Com_1(l2(r, x, f*i, i + 1)) [ x - i + 1 >= 0 /\\ i - 1 >= 0 /\\ f + i - 2 >= 0 /\\ x + i - 1 >= 0 /\\ r + i - 1 >= 0 /\\ f - 1 >= 0 /\\ x + f - 1 >= 0 /\\ r + f - 1 >= 0 /\\ x >= 0 /\\ r + x >= 0 /\\ r >= 0 /\\ i < x ]", 0-1) = x + 1
	S("l2(r, x, f, i) -> Com_1(l2(r, x, f*i, i + 1)) [ x - i + 1 >= 0 /\\ i - 1 >= 0 /\\ f + i - 2 >= 0 /\\ x + i - 1 >= 0 /\\ r + i - 1 >= 0 /\\ f - 1 >= 0 /\\ x + f - 1 >= 0 /\\ r + f - 1 >= 0 /\\ x >= 0 /\\ r + x >= 0 /\\ r >= 0 /\\ i < x ]", 0-2) = ?
	S("l2(r, x, f, i) -> Com_1(l2(r, x, f*i, i + 1)) [ x - i + 1 >= 0 /\\ i - 1 >= 0 /\\ f + i - 2 >= 0 /\\ x + i - 1 >= 0 /\\ r + i - 1 >= 0 /\\ f - 1 >= 0 /\\ x + f - 1 >= 0 /\\ r + f - 1 >= 0 /\\ x >= 0 /\\ r + x >= 0 /\\ r >= 0 /\\ i < x ]", 0-3) = x + 1
	S("l2(r, x, f, i) -> Com_1(l1(r + f, x - 1, f, i)) [ x - i + 1 >= 0 /\\ i - 1 >= 0 /\\ f + i - 2 >= 0 /\\ x + i - 1 >= 0 /\\ r + i - 1 >= 0 /\\ f - 1 >= 0 /\\ x + f - 1 >= 0 /\\ r + f - 1 >= 0 /\\ x >= 0 /\\ r + x >= 0 /\\ r >= 0 /\\ i >= x ]", 0-0) = ?
	S("l2(r, x, f, i) -> Com_1(l1(r + f, x - 1, f, i)) [ x - i + 1 >= 0 /\\ i - 1 >= 0 /\\ f + i - 2 >= 0 /\\ x + i - 1 >= 0 /\\ r + i - 1 >= 0 /\\ f - 1 >= 0 /\\ x + f - 1 >= 0 /\\ r + f - 1 >= 0 /\\ x >= 0 /\\ r + x >= 0 /\\ r >= 0 /\\ i >= x ]", 0-1) = x + 1
	S("l2(r, x, f, i) -> Com_1(l1(r + f, x - 1, f, i)) [ x - i + 1 >= 0 /\\ i - 1 >= 0 /\\ f + i - 2 >= 0 /\\ x + i - 1 >= 0 /\\ r + i - 1 >= 0 /\\ f - 1 >= 0 /\\ x + f - 1 >= 0 /\\ r + f - 1 >= 0 /\\ x >= 0 /\\ r + x >= 0 /\\ r >= 0 /\\ i >= x ]", 0-2) = ?
	S("l2(r, x, f, i) -> Com_1(l1(r + f, x - 1, f, i)) [ x - i + 1 >= 0 /\\ i - 1 >= 0 /\\ f + i - 2 >= 0 /\\ x + i - 1 >= 0 /\\ r + i - 1 >= 0 /\\ f - 1 >= 0 /\\ x + f - 1 >= 0 /\\ r + f - 1 >= 0 /\\ x >= 0 /\\ r + x >= 0 /\\ r >= 0 /\\ i >= x ]", 0-3) = x + 2
orients the transitions
	l2(r, x, f, i) -> Com_1(l2(r, x, f*i, i + 1)) [ x - i + 1 >= 0 /\ i - 1 >= 0 /\ f + i - 2 >= 0 /\ x + i - 1 >= 0 /\ r + i - 1 >= 0 /\ f - 1 >= 0 /\ x + f - 1 >= 0 /\ r + f - 1 >= 0 /\ x >= 0 /\ r + x >= 0 /\ r >= 0 /\ i < x ]
weakly and the transition
	l2(r, x, f, i) -> Com_1(l2(r, x, f*i, i + 1)) [ x - i + 1 >= 0 /\ i - 1 >= 0 /\ f + i - 2 >= 0 /\ x + i - 1 >= 0 /\ r + i - 1 >= 0 /\ f - 1 >= 0 /\ x + f - 1 >= 0 /\ r + f - 1 >= 0 /\ x >= 0 /\ r + x >= 0 /\ r >= 0 /\ i < x ]
strictly and produces the following problem:
5:	T:
		(x + 1, 1)               l2(r, x, f, i) -> Com_1(l1(r + f, x - 1, f, i)) [ x - i + 1 >= 0 /\ i - 1 >= 0 /\ f + i - 2 >= 0 /\ x + i - 1 >= 0 /\ r + i - 1 >= 0 /\ f - 1 >= 0 /\ x + f - 1 >= 0 /\ r + f - 1 >= 0 /\ x >= 0 /\ r + x >= 0 /\ r >= 0 /\ i >= x ]
		(2*x^2 + 10*x + 8, 1)    l2(r, x, f, i) -> Com_1(l2(r, x, f*i, i + 1)) [ x - i + 1 >= 0 /\ i - 1 >= 0 /\ f + i - 2 >= 0 /\ x + i - 1 >= 0 /\ r + i - 1 >= 0 /\ f - 1 >= 0 /\ x + f - 1 >= 0 /\ r + f - 1 >= 0 /\ x >= 0 /\ r + x >= 0 /\ r >= 0 /\ i < x ]
		(2*x + 2, 1)             l1(r, x, f, i) -> Com_1(l2(r, x, 1, 1)) [ r >= 0 /\ x >= 0 ]
		(1, 1)                   l0(r, x, f, i) -> Com_1(l1(0, x, f, i))
	start location:	l0
	leaf cost:	0

Complexity upper bound 13*x + 2*x^2 + 11

