YES(?, 2*x)

Initial complexity problem:
1:	T:
		(1, 1)    l0(x, r) -> Com_1(l1(x, -1))
		(?, 1)    l1(x, r) -> Com_1(l1(x', r + 1)) [ x > 1 /\ 2*x' + mod = x /\ mod >= 0 /\ mod < 2 ]
	start location:	l0
	leaf cost:	0

A polynomial rank function with
	Pol(l0) = 2*V_1
	Pol(l1) = 2*V_1
orients all transitions weakly and the transition
	l1(x, r) -> Com_1(l1(x', r + 1)) [ x > 1 /\ 2*x' + mod = x /\ mod >= 0 /\ mod < 2 ]
strictly and produces the following problem:
2:	T:
		(1, 1)      l0(x, r) -> Com_1(l1(x, -1))
		(2*x, 1)    l1(x, r) -> Com_1(l1(x', r + 1)) [ x > 1 /\ 2*x' + mod = x /\ mod >= 0 /\ mod < 2 ]
	start location:	l0
	leaf cost:	0

Complexity upper bound 2*x

