YES(?, 6*x + 3*x^2 + 12)

Initial complexity problem:
1:	T:
		(Comp: 1, Cost: 1)    l0(r, x, i, s) -> Com_1(l1(0, x, i, s))
		(Comp: ?, Cost: 1)    l1(r, x, i, s) -> Com_1(l2(r, x, 0, 0)) [ x > 0 ]
		(Comp: ?, Cost: 1)    l2(r, x, i, s) -> Com_1(l2(r, x, i + 1, s + i)) [ i < x ]
		(Comp: ?, Cost: 1)    l2(r, x, i, s) -> Com_1(l1(r + s, x - 1, i, s)) [ i >= x ]
	start location:	l0
	leaf cost:	0

A polynomial rank function with
	Pol(l0) = 3*V_2 - 2
	Pol(l1) = 3*V_2 - 2
	Pol(l2) = 3*V_2 - 4
orients all transitions weakly and the transition
	l1(r, x, i, s) -> Com_1(l2(r, x, 0, 0)) [ x > 0 ]
strictly and produces the following problem:
2:	T:
		(Comp: 1, Cost: 1)          l0(r, x, i, s) -> Com_1(l1(0, x, i, s))
		(Comp: 3*x + 2, Cost: 1)    l1(r, x, i, s) -> Com_1(l2(r, x, 0, 0)) [ x > 0 ]
		(Comp: ?, Cost: 1)          l2(r, x, i, s) -> Com_1(l2(r, x, i + 1, s + i)) [ i < x ]
		(Comp: ?, Cost: 1)          l2(r, x, i, s) -> Com_1(l1(r + s, x - 1, i, s)) [ i >= x ]
	start location:	l0
	leaf cost:	0

Applied AI with 'oct' on problem 2 to obtain the following invariants:
  For symbol l1: X_1 >= 0
  For symbol l2: X_4 >= 0 /\ X_3 + X_4 >= 0 /\ X_2 + X_4 - 1 >= 0 /\ X_1 + X_4 >= 0 /\ X_3 >= 0 /\ X_2 + X_3 - 1 >= 0 /\ X_1 + X_3 >= 0 /\ X_2 - 1 >= 0 /\ X_1 + X_2 - 1 >= 0 /\ X_1 >= 0


This yielded the following problem:
3:	T:
		(Comp: ?, Cost: 1)          l2(r, x, i, s) -> Com_1(l1(r + s, x - 1, i, s)) [ s >= 0 /\ i + s >= 0 /\ x + s - 1 >= 0 /\ r + s >= 0 /\ i >= 0 /\ x + i - 1 >= 0 /\ r + i >= 0 /\ x - 1 >= 0 /\ r + x - 1 >= 0 /\ r >= 0 /\ i >= x ]
		(Comp: ?, Cost: 1)          l2(r, x, i, s) -> Com_1(l2(r, x, i + 1, s + i)) [ s >= 0 /\ i + s >= 0 /\ x + s - 1 >= 0 /\ r + s >= 0 /\ i >= 0 /\ x + i - 1 >= 0 /\ r + i >= 0 /\ x - 1 >= 0 /\ r + x - 1 >= 0 /\ r >= 0 /\ i < x ]
		(Comp: 3*x + 2, Cost: 1)    l1(r, x, i, s) -> Com_1(l2(r, x, 0, 0)) [ r >= 0 /\ x > 0 ]
		(Comp: 1, Cost: 1)          l0(r, x, i, s) -> Com_1(l1(0, x, i, s))
	start location:	l0
	leaf cost:	0

A polynomial rank function with
	Pol(l2) = V_2 + 9
	Pol(l1) = V_2 + 9
	Pol(l0) = V_2 + 9
orients all transitions weakly and the transition
	l2(r, x, i, s) -> Com_1(l1(r + s, x - 1, i, s)) [ s >= 0 /\ i + s >= 0 /\ x + s - 1 >= 0 /\ r + s >= 0 /\ i >= 0 /\ x + i - 1 >= 0 /\ r + i >= 0 /\ x - 1 >= 0 /\ r + x - 1 >= 0 /\ r >= 0 /\ i >= x ]
strictly and produces the following problem:
4:	T:
		(Comp: x + 9, Cost: 1)      l2(r, x, i, s) -> Com_1(l1(r + s, x - 1, i, s)) [ s >= 0 /\ i + s >= 0 /\ x + s - 1 >= 0 /\ r + s >= 0 /\ i >= 0 /\ x + i - 1 >= 0 /\ r + i >= 0 /\ x - 1 >= 0 /\ r + x - 1 >= 0 /\ r >= 0 /\ i >= x ]
		(Comp: ?, Cost: 1)          l2(r, x, i, s) -> Com_1(l2(r, x, i + 1, s + i)) [ s >= 0 /\ i + s >= 0 /\ x + s - 1 >= 0 /\ r + s >= 0 /\ i >= 0 /\ x + i - 1 >= 0 /\ r + i >= 0 /\ x - 1 >= 0 /\ r + x - 1 >= 0 /\ r >= 0 /\ i < x ]
		(Comp: 3*x + 2, Cost: 1)    l1(r, x, i, s) -> Com_1(l2(r, x, 0, 0)) [ r >= 0 /\ x > 0 ]
		(Comp: 1, Cost: 1)          l0(r, x, i, s) -> Com_1(l1(0, x, i, s))
	start location:	l0
	leaf cost:	0

A polynomial rank function with
	Pol(l2) = V_2 - V_3
and size complexities
	S("l0(r, x, i, s) -> Com_1(l1(0, x, i, s))", 0-0) = 0
	S("l0(r, x, i, s) -> Com_1(l1(0, x, i, s))", 0-1) = x
	S("l0(r, x, i, s) -> Com_1(l1(0, x, i, s))", 0-2) = i
	S("l0(r, x, i, s) -> Com_1(l1(0, x, i, s))", 0-3) = s
	S("l1(r, x, i, s) -> Com_1(l2(r, x, 0, 0)) [ r >= 0 /\\ x > 0 ]", 0-0) = ?
	S("l1(r, x, i, s) -> Com_1(l2(r, x, 0, 0)) [ r >= 0 /\\ x > 0 ]", 0-1) = x
	S("l1(r, x, i, s) -> Com_1(l2(r, x, 0, 0)) [ r >= 0 /\\ x > 0 ]", 0-2) = 0
	S("l1(r, x, i, s) -> Com_1(l2(r, x, 0, 0)) [ r >= 0 /\\ x > 0 ]", 0-3) = 0
	S("l2(r, x, i, s) -> Com_1(l2(r, x, i + 1, s + i)) [ s >= 0 /\\ i + s >= 0 /\\ x + s - 1 >= 0 /\\ r + s >= 0 /\\ i >= 0 /\\ x + i - 1 >= 0 /\\ r + i >= 0 /\\ x - 1 >= 0 /\\ r + x - 1 >= 0 /\\ r >= 0 /\\ i < x ]", 0-0) = ?
	S("l2(r, x, i, s) -> Com_1(l2(r, x, i + 1, s + i)) [ s >= 0 /\\ i + s >= 0 /\\ x + s - 1 >= 0 /\\ r + s >= 0 /\\ i >= 0 /\\ x + i - 1 >= 0 /\\ r + i >= 0 /\\ x - 1 >= 0 /\\ r + x - 1 >= 0 /\\ r >= 0 /\\ i < x ]", 0-1) = x
	S("l2(r, x, i, s) -> Com_1(l2(r, x, i + 1, s + i)) [ s >= 0 /\\ i + s >= 0 /\\ x + s - 1 >= 0 /\\ r + s >= 0 /\\ i >= 0 /\\ x + i - 1 >= 0 /\\ r + i >= 0 /\\ x - 1 >= 0 /\\ r + x - 1 >= 0 /\\ r >= 0 /\\ i < x ]", 0-2) = x
	S("l2(r, x, i, s) -> Com_1(l2(r, x, i + 1, s + i)) [ s >= 0 /\\ i + s >= 0 /\\ x + s - 1 >= 0 /\\ r + s >= 0 /\\ i >= 0 /\\ x + i - 1 >= 0 /\\ r + i >= 0 /\\ x - 1 >= 0 /\\ r + x - 1 >= 0 /\\ r >= 0 /\\ i < x ]", 0-3) = ?
	S("l2(r, x, i, s) -> Com_1(l1(r + s, x - 1, i, s)) [ s >= 0 /\\ i + s >= 0 /\\ x + s - 1 >= 0 /\\ r + s >= 0 /\\ i >= 0 /\\ x + i - 1 >= 0 /\\ r + i >= 0 /\\ x - 1 >= 0 /\\ r + x - 1 >= 0 /\\ r >= 0 /\\ i >= x ]", 0-0) = ?
	S("l2(r, x, i, s) -> Com_1(l1(r + s, x - 1, i, s)) [ s >= 0 /\\ i + s >= 0 /\\ x + s - 1 >= 0 /\\ r + s >= 0 /\\ i >= 0 /\\ x + i - 1 >= 0 /\\ r + i >= 0 /\\ x - 1 >= 0 /\\ r + x - 1 >= 0 /\\ r >= 0 /\\ i >= x ]", 0-1) = x
	S("l2(r, x, i, s) -> Com_1(l1(r + s, x - 1, i, s)) [ s >= 0 /\\ i + s >= 0 /\\ x + s - 1 >= 0 /\\ r + s >= 0 /\\ i >= 0 /\\ x + i - 1 >= 0 /\\ r + i >= 0 /\\ x - 1 >= 0 /\\ r + x - 1 >= 0 /\\ r >= 0 /\\ i >= x ]", 0-2) = x
	S("l2(r, x, i, s) -> Com_1(l1(r + s, x - 1, i, s)) [ s >= 0 /\\ i + s >= 0 /\\ x + s - 1 >= 0 /\\ r + s >= 0 /\\ i >= 0 /\\ x + i - 1 >= 0 /\\ r + i >= 0 /\\ x - 1 >= 0 /\\ r + x - 1 >= 0 /\\ r >= 0 /\\ i >= x ]", 0-3) = ?
orients the transitions
	l2(r, x, i, s) -> Com_1(l2(r, x, i + 1, s + i)) [ s >= 0 /\ i + s >= 0 /\ x + s - 1 >= 0 /\ r + s >= 0 /\ i >= 0 /\ x + i - 1 >= 0 /\ r + i >= 0 /\ x - 1 >= 0 /\ r + x - 1 >= 0 /\ r >= 0 /\ i < x ]
weakly and the transition
	l2(r, x, i, s) -> Com_1(l2(r, x, i + 1, s + i)) [ s >= 0 /\ i + s >= 0 /\ x + s - 1 >= 0 /\ r + s >= 0 /\ i >= 0 /\ x + i - 1 >= 0 /\ r + i >= 0 /\ x - 1 >= 0 /\ r + x - 1 >= 0 /\ r >= 0 /\ i < x ]
strictly and produces the following problem:
5:	T:
		(Comp: x + 9, Cost: 1)          l2(r, x, i, s) -> Com_1(l1(r + s, x - 1, i, s)) [ s >= 0 /\ i + s >= 0 /\ x + s - 1 >= 0 /\ r + s >= 0 /\ i >= 0 /\ x + i - 1 >= 0 /\ r + i >= 0 /\ x - 1 >= 0 /\ r + x - 1 >= 0 /\ r >= 0 /\ i >= x ]
		(Comp: 3*x^2 + 2*x, Cost: 1)    l2(r, x, i, s) -> Com_1(l2(r, x, i + 1, s + i)) [ s >= 0 /\ i + s >= 0 /\ x + s - 1 >= 0 /\ r + s >= 0 /\ i >= 0 /\ x + i - 1 >= 0 /\ r + i >= 0 /\ x - 1 >= 0 /\ r + x - 1 >= 0 /\ r >= 0 /\ i < x ]
		(Comp: 3*x + 2, Cost: 1)        l1(r, x, i, s) -> Com_1(l2(r, x, 0, 0)) [ r >= 0 /\ x > 0 ]
		(Comp: 1, Cost: 1)              l0(r, x, i, s) -> Com_1(l1(0, x, i, s))
	start location:	l0
	leaf cost:	0

Complexity upper bound 6*x + 3*x^2 + 12

