YES(?, 84*x + 51*x^2 + 9*x^3 + 31)

Initial complexity problem:
1:	T:
		(1, 1)    start(x, y) -> Com_1(g(x, 0))
		(?, 1)    g(x, y) -> Com_1(f(x, y)) [ x = 0 ]
		(?, 1)    g(x, y) -> Com_1(h(x, y)) [ x = 0 ]
		(?, 1)    g(x, y) -> Com_1(g(x - 1, y + x)) [ x > 0 ]
		(?, 1)    f(x, y) -> Com_2(new(x, y), f(x, y - 1)) [ y >= 0 ]
		(?, 1)    h(x, y) -> Com_1(h(x, y - 1)) [ y >= 0 ]
		(?, 1)    new(x, y) -> Com_1(underscore_new(x, y))
	start location:	start
	leaf cost:	0

A polynomial rank function with
	Pol(start) = V_1 + 2
	Pol(g) = V_1 + 2
	Pol(f) = 1
	Pol(h) = -V_1
	Pol(new) = -V_2 - 1
	Pol(underscore_new) = -V_2 - 2
orients all transitions weakly and the transitions
	g(x, y) -> Com_1(h(x, y)) [ x = 0 ]
	g(x, y) -> Com_1(g(x - 1, y + x)) [ x > 0 ]
strictly and produces the following problem:
2:	T:
		(1, 1)        start(x, y) -> Com_1(g(x, 0))
		(?, 1)        g(x, y) -> Com_1(f(x, y)) [ x = 0 ]
		(x + 2, 1)    g(x, y) -> Com_1(h(x, y)) [ x = 0 ]
		(x + 2, 1)    g(x, y) -> Com_1(g(x - 1, y + x)) [ x > 0 ]
		(?, 1)        f(x, y) -> Com_2(new(x, y), f(x, y - 1)) [ y >= 0 ]
		(?, 1)        h(x, y) -> Com_1(h(x, y - 1)) [ y >= 0 ]
		(?, 1)        new(x, y) -> Com_1(underscore_new(x, y))
	start location:	start
	leaf cost:	0

Repeatedly propagating knowledge in problem 2 produces the following problem:
3:	T:
		(1, 1)        start(x, y) -> Com_1(g(x, 0))
		(x + 3, 1)    g(x, y) -> Com_1(f(x, y)) [ x = 0 ]
		(x + 2, 1)    g(x, y) -> Com_1(h(x, y)) [ x = 0 ]
		(x + 2, 1)    g(x, y) -> Com_1(g(x - 1, y + x)) [ x > 0 ]
		(?, 1)        f(x, y) -> Com_2(new(x, y), f(x, y - 1)) [ y >= 0 ]
		(?, 1)        h(x, y) -> Com_1(h(x, y - 1)) [ y >= 0 ]
		(?, 1)        new(x, y) -> Com_1(underscore_new(x, y))
	start location:	start
	leaf cost:	0

A polynomial rank function with
	Pol(new) = 1
	Pol(underscore_new) = 0
	Pol(h) = V_2 + 1
	Pol(f) = 2*V_2 + 2
and size complexities
	S("new(x, y) -> Com_1(underscore_new(x, y))", 0-0) = 0
	S("new(x, y) -> Com_1(underscore_new(x, y))", 0-1) = 3*x + x^2 + 1
	S("h(x, y) -> Com_1(h(x, y - 1)) [ y >= 0 ]", 0-0) = 0
	S("h(x, y) -> Com_1(h(x, y - 1)) [ y >= 0 ]", 0-1) = 3*x + x^2 + 1
	S("f(x, y) -> Com_2(new(x, y), f(x, y - 1)) [ y >= 0 ]", 0-0) = 0
	S("f(x, y) -> Com_2(new(x, y), f(x, y - 1)) [ y >= 0 ]", 0-1) = 3*x + x^2 + 1
	S("f(x, y) -> Com_2(new(x, y), f(x, y - 1)) [ y >= 0 ]", 1-0) = 0
	S("f(x, y) -> Com_2(new(x, y), f(x, y - 1)) [ y >= 0 ]", 1-1) = 3*x + x^2 + 1
	S("g(x, y) -> Com_1(g(x - 1, y + x)) [ x > 0 ]", 0-0) = x
	S("g(x, y) -> Com_1(g(x - 1, y + x)) [ x > 0 ]", 0-1) = 3*x + x^2
	S("g(x, y) -> Com_1(h(x, y)) [ x = 0 ]", 0-0) = 0
	S("g(x, y) -> Com_1(h(x, y)) [ x = 0 ]", 0-1) = 3*x + x^2
	S("g(x, y) -> Com_1(f(x, y)) [ x = 0 ]", 0-0) = 0
	S("g(x, y) -> Com_1(f(x, y)) [ x = 0 ]", 0-1) = 3*x + x^2
	S("start(x, y) -> Com_1(g(x, 0))", 0-0) = x
	S("start(x, y) -> Com_1(g(x, 0))", 0-1) = 0
orients the transitions
	new(x, y) -> Com_1(underscore_new(x, y))
	h(x, y) -> Com_1(h(x, y - 1)) [ y >= 0 ]
	f(x, y) -> Com_2(new(x, y), f(x, y - 1)) [ y >= 0 ]
weakly and the transitions
	new(x, y) -> Com_1(underscore_new(x, y))
	h(x, y) -> Com_1(h(x, y - 1)) [ y >= 0 ]
	f(x, y) -> Com_2(new(x, y), f(x, y - 1)) [ y >= 0 ]
strictly and produces the following problem:
4:	T:
		(1, 1)                            start(x, y) -> Com_1(g(x, 0))
		(x + 3, 1)                        g(x, y) -> Com_1(f(x, y)) [ x = 0 ]
		(x + 2, 1)                        g(x, y) -> Com_1(h(x, y)) [ x = 0 ]
		(x + 2, 1)                        g(x, y) -> Com_1(g(x - 1, y + x)) [ x > 0 ]
		(17*x^2 + 3*x^3 + 27*x + 8, 1)    f(x, y) -> Com_2(new(x, y), f(x, y - 1)) [ y >= 0 ]
		(17*x^2 + 3*x^3 + 27*x + 8, 1)    h(x, y) -> Com_1(h(x, y - 1)) [ y >= 0 ]
		(17*x^2 + 3*x^3 + 27*x + 8, 1)    new(x, y) -> Com_1(underscore_new(x, y))
	start location:	start
	leaf cost:	0

Complexity upper bound 84*x + 51*x^2 + 9*x^3 + 31

Time: 1.096 sec (SMT: 1.081 sec)
