YES(?, 4*x + 4*x^2 + 2*x^3 + 1)

Initial complexity problem:
1:	T:
		(1, 1)    start(x, y) -> Com_1(g(x, 0))
		(?, 1)    g(x, y) -> Com_1(f(x, y)) [ x = 0 ]
		(?, 1)    g(x, y) -> Com_1(g(x - 1, y + x)) [ x > 0 ]
		(?, 1)    f(x, y) -> Com_1(f(x, z)) [ y >= 2 /\ 2*z = y ]
	start location:	start
	leaf cost:	0

A polynomial rank function with
	Pol(start) = V_1
	Pol(g) = V_1
	Pol(f) = -V_1 - 4
orients all transitions weakly and the transition
	g(x, y) -> Com_1(g(x - 1, y + x)) [ x > 0 ]
strictly and produces the following problem:
2:	T:
		(1, 1)    start(x, y) -> Com_1(g(x, 0))
		(?, 1)    g(x, y) -> Com_1(f(x, y)) [ x = 0 ]
		(x, 1)    g(x, y) -> Com_1(g(x - 1, y + x)) [ x > 0 ]
		(?, 1)    f(x, y) -> Com_1(f(x, z)) [ y >= 2 /\ 2*z = y ]
	start location:	start
	leaf cost:	0

Repeatedly propagating knowledge in problem 2 produces the following problem:
3:	T:
		(1, 1)        start(x, y) -> Com_1(g(x, 0))
		(x + 1, 1)    g(x, y) -> Com_1(f(x, y)) [ x = 0 ]
		(x, 1)        g(x, y) -> Com_1(g(x - 1, y + x)) [ x > 0 ]
		(?, 1)        f(x, y) -> Com_1(f(x, z)) [ y >= 2 /\ 2*z = y ]
	start location:	start
	leaf cost:	0

A polynomial rank function with
	Pol(f) = 2*V_2
and size complexities
	S("f(x, y) -> Com_1(f(x, z)) [ y >= 2 /\\ 2*z = y ]", 0-0) = 0
	S("f(x, y) -> Com_1(f(x, z)) [ y >= 2 /\\ 2*z = y ]", 0-1) = x + x^2
	S("g(x, y) -> Com_1(g(x - 1, y + x)) [ x > 0 ]", 0-0) = x
	S("g(x, y) -> Com_1(g(x - 1, y + x)) [ x > 0 ]", 0-1) = x + x^2
	S("g(x, y) -> Com_1(f(x, y)) [ x = 0 ]", 0-0) = 0
	S("g(x, y) -> Com_1(f(x, y)) [ x = 0 ]", 0-1) = x + x^2
	S("start(x, y) -> Com_1(g(x, 0))", 0-0) = x
	S("start(x, y) -> Com_1(g(x, 0))", 0-1) = 0
orients the transitions
	f(x, y) -> Com_1(f(x, z)) [ y >= 2 /\ 2*z = y ]
weakly and the transition
	f(x, y) -> Com_1(f(x, z)) [ y >= 2 /\ 2*z = y ]
strictly and produces the following problem:
4:	T:
		(1, 1)                      start(x, y) -> Com_1(g(x, 0))
		(x + 1, 1)                  g(x, y) -> Com_1(f(x, y)) [ x = 0 ]
		(x, 1)                      g(x, y) -> Com_1(g(x - 1, y + x)) [ x > 0 ]
		(4*x^2 + 2*x^3 + 2*x, 1)    f(x, y) -> Com_1(f(x, z)) [ y >= 2 /\ 2*z = y ]
	start location:	start
	leaf cost:	0

Complexity upper bound 4*x + 4*x^2 + 2*x^3 + 1

Time: 0.722 sec (SMT: 0.712 sec)
