YES(?, 5*x + 3*x^2 + x^3 + 3)

Initial complexity problem:
1:	T:
		(1, 1)    start(x, y) -> Com_1(g(x, 0))
		(?, 1)    g(x, y) -> Com_1(f(x, y)) [ x = 0 ]
		(?, 1)    g(x, y) -> Com_1(g(x - 1, y + x)) [ x > 0 ]
		(?, 1)    f(x, y) -> Com_1(f(x, y - 1)) [ y >= 0 ]
	start location:	start
	leaf cost:	0

A polynomial rank function with
	Pol(start) = V_1 + 1
	Pol(g) = V_1 + 1
	Pol(f) = -V_1
orients all transitions weakly and the transitions
	g(x, y) -> Com_1(g(x - 1, y + x)) [ x > 0 ]
	g(x, y) -> Com_1(f(x, y)) [ x = 0 ]
strictly and produces the following problem:
2:	T:
		(1, 1)        start(x, y) -> Com_1(g(x, 0))
		(x + 1, 1)    g(x, y) -> Com_1(f(x, y)) [ x = 0 ]
		(x + 1, 1)    g(x, y) -> Com_1(g(x - 1, y + x)) [ x > 0 ]
		(?, 1)        f(x, y) -> Com_1(f(x, y - 1)) [ y >= 0 ]
	start location:	start
	leaf cost:	0

A polynomial rank function with
	Pol(f) = V_2 + 1
and size complexities
	S("f(x, y) -> Com_1(f(x, y - 1)) [ y >= 0 ]", 0-0) = 0
	S("f(x, y) -> Com_1(f(x, y - 1)) [ y >= 0 ]", 0-1) = 2*x + x^2 + 1
	S("g(x, y) -> Com_1(g(x - 1, y + x)) [ x > 0 ]", 0-0) = x
	S("g(x, y) -> Com_1(g(x - 1, y + x)) [ x > 0 ]", 0-1) = 2*x + x^2
	S("g(x, y) -> Com_1(f(x, y)) [ x = 0 ]", 0-0) = 0
	S("g(x, y) -> Com_1(f(x, y)) [ x = 0 ]", 0-1) = 2*x + x^2
	S("start(x, y) -> Com_1(g(x, 0))", 0-0) = x
	S("start(x, y) -> Com_1(g(x, 0))", 0-1) = 0
orients the transitions
	f(x, y) -> Com_1(f(x, y - 1)) [ y >= 0 ]
weakly and the transition
	f(x, y) -> Com_1(f(x, y - 1)) [ y >= 0 ]
strictly and produces the following problem:
3:	T:
		(1, 1)                        start(x, y) -> Com_1(g(x, 0))
		(x + 1, 1)                    g(x, y) -> Com_1(f(x, y)) [ x = 0 ]
		(x + 1, 1)                    g(x, y) -> Com_1(g(x - 1, y + x)) [ x > 0 ]
		(3*x^2 + x^3 + 3*x + 1, 1)    f(x, y) -> Com_1(f(x, y - 1)) [ y >= 0 ]
	start location:	start
	leaf cost:	0

Complexity upper bound 5*x + 3*x^2 + x^3 + 3

Time: 0.715 sec (SMT: 0.705 sec)
